Archive member included to satisfy reference by file (symbol)

C:/ST/STM32CubeIDE_1.13.2/STM32CubeIDE/plugins/com.st.stm32cube.ide.mcu.externaltools.gnu-tools-for-stm32.11.3.rel1.win32_1.1.1.202309131626/tools/bin/../lib/gcc/arm-none-eabi/11.3.1/../../../../arm-none-eabi/lib/thumb/v7e-m+fp/hard\libc_nano.a(libc_a-exit.o)
                              C:/ST/STM32CubeIDE_1.13.2/STM32CubeIDE/plugins/com.st.stm32cube.ide.mcu.externaltools.gnu-tools-for-stm32.11.3.rel1.win32_1.1.1.202309131626/tools/bin/../lib/gcc/arm-none-eabi/11.3.1/../../../../arm-none-eabi/lib/thumb/v7e-m+fp/hard/crt0.o (exit)
C:/ST/STM32CubeIDE_1.13.2/STM32CubeIDE/plugins/com.st.stm32cube.ide.mcu.externaltools.gnu-tools-for-stm32.11.3.rel1.win32_1.1.1.202309131626/tools/bin/../lib/gcc/arm-none-eabi/11.3.1/../../../../arm-none-eabi/lib/thumb/v7e-m+fp/hard\libc_nano.a(libc_a-findfp.o)
                              C:/ST/STM32CubeIDE_1.13.2/STM32CubeIDE/plugins/com.st.stm32cube.ide.mcu.externaltools.gnu-tools-for-stm32.11.3.rel1.win32_1.1.1.202309131626/tools/bin/../lib/gcc/arm-none-eabi/11.3.1/../../../../arm-none-eabi/lib/thumb/v7e-m+fp/hard\libc_nano.a(libc_a-exit.o) (__stdio_exit_handler)
C:/ST/STM32CubeIDE_1.13.2/STM32CubeIDE/plugins/com.st.stm32cube.ide.mcu.externaltools.gnu-tools-for-stm32.11.3.rel1.win32_1.1.1.202309131626/tools/bin/../lib/gcc/arm-none-eabi/11.3.1/../../../../arm-none-eabi/lib/thumb/v7e-m+fp/hard\libc_nano.a(libc_a-fwalk.o)
                              C:/ST/STM32CubeIDE_1.13.2/STM32CubeIDE/plugins/com.st.stm32cube.ide.mcu.externaltools.gnu-tools-for-stm32.11.3.rel1.win32_1.1.1.202309131626/tools/bin/../lib/gcc/arm-none-eabi/11.3.1/../../../../arm-none-eabi/lib/thumb/v7e-m+fp/hard\libc_nano.a(libc_a-findfp.o) (_fwalk_sglue)
C:/ST/STM32CubeIDE_1.13.2/STM32CubeIDE/plugins/com.st.stm32cube.ide.mcu.externaltools.gnu-tools-for-stm32.11.3.rel1.win32_1.1.1.202309131626/tools/bin/../lib/gcc/arm-none-eabi/11.3.1/../../../../arm-none-eabi/lib/thumb/v7e-m+fp/hard\libc_nano.a(libc_a-stdio.o)
                              C:/ST/STM32CubeIDE_1.13.2/STM32CubeIDE/plugins/com.st.stm32cube.ide.mcu.externaltools.gnu-tools-for-stm32.11.3.rel1.win32_1.1.1.202309131626/tools/bin/../lib/gcc/arm-none-eabi/11.3.1/../../../../arm-none-eabi/lib/thumb/v7e-m+fp/hard\libc_nano.a(libc_a-findfp.o) (__sread)
C:/ST/STM32CubeIDE_1.13.2/STM32CubeIDE/plugins/com.st.stm32cube.ide.mcu.externaltools.gnu-tools-for-stm32.11.3.rel1.win32_1.1.1.202309131626/tools/bin/../lib/gcc/arm-none-eabi/11.3.1/../../../../arm-none-eabi/lib/thumb/v7e-m+fp/hard\libc_nano.a(libc_a-memset.o)
                              C:/ST/STM32CubeIDE_1.13.2/STM32CubeIDE/plugins/com.st.stm32cube.ide.mcu.externaltools.gnu-tools-for-stm32.11.3.rel1.win32_1.1.1.202309131626/tools/bin/../lib/gcc/arm-none-eabi/11.3.1/../../../../arm-none-eabi/lib/thumb/v7e-m+fp/hard/crt0.o (memset)
C:/ST/STM32CubeIDE_1.13.2/STM32CubeIDE/plugins/com.st.stm32cube.ide.mcu.externaltools.gnu-tools-for-stm32.11.3.rel1.win32_1.1.1.202309131626/tools/bin/../lib/gcc/arm-none-eabi/11.3.1/../../../../arm-none-eabi/lib/thumb/v7e-m+fp/hard\libc_nano.a(libc_a-closer.o)
                              C:/ST/STM32CubeIDE_1.13.2/STM32CubeIDE/plugins/com.st.stm32cube.ide.mcu.externaltools.gnu-tools-for-stm32.11.3.rel1.win32_1.1.1.202309131626/tools/bin/../lib/gcc/arm-none-eabi/11.3.1/../../../../arm-none-eabi/lib/thumb/v7e-m+fp/hard\libc_nano.a(libc_a-stdio.o) (_close_r)
C:/ST/STM32CubeIDE_1.13.2/STM32CubeIDE/plugins/com.st.stm32cube.ide.mcu.externaltools.gnu-tools-for-stm32.11.3.rel1.win32_1.1.1.202309131626/tools/bin/../lib/gcc/arm-none-eabi/11.3.1/../../../../arm-none-eabi/lib/thumb/v7e-m+fp/hard\libc_nano.a(libc_a-reent.o)
                              C:/ST/STM32CubeIDE_1.13.2/STM32CubeIDE/plugins/com.st.stm32cube.ide.mcu.externaltools.gnu-tools-for-stm32.11.3.rel1.win32_1.1.1.202309131626/tools/bin/../lib/gcc/arm-none-eabi/11.3.1/../../../../arm-none-eabi/lib/thumb/v7e-m+fp/hard\libc_nano.a(libc_a-closer.o) (errno)
C:/ST/STM32CubeIDE_1.13.2/STM32CubeIDE/plugins/com.st.stm32cube.ide.mcu.externaltools.gnu-tools-for-stm32.11.3.rel1.win32_1.1.1.202309131626/tools/bin/../lib/gcc/arm-none-eabi/11.3.1/../../../../arm-none-eabi/lib/thumb/v7e-m+fp/hard\libc_nano.a(libc_a-impure.o)
                              C:/ST/STM32CubeIDE_1.13.2/STM32CubeIDE/plugins/com.st.stm32cube.ide.mcu.externaltools.gnu-tools-for-stm32.11.3.rel1.win32_1.1.1.202309131626/tools/bin/../lib/gcc/arm-none-eabi/11.3.1/../../../../arm-none-eabi/lib/thumb/v7e-m+fp/hard\libc_nano.a(libc_a-reent.o) (_impure_ptr)
C:/ST/STM32CubeIDE_1.13.2/STM32CubeIDE/plugins/com.st.stm32cube.ide.mcu.externaltools.gnu-tools-for-stm32.11.3.rel1.win32_1.1.1.202309131626/tools/bin/../lib/gcc/arm-none-eabi/11.3.1/../../../../arm-none-eabi/lib/thumb/v7e-m+fp/hard\libc_nano.a(libc_a-lseekr.o)
[...]
Memory Configuration

Name             Origin             Length             Attributes
RAM              0x0000000020000000 0x0000000000010000 xrw
FLASH            0x0000000008000000 0x0000000000040000 xr
*default*        0x0000000000000000 0xffffffffffffffff

Linker script and memory map

LOAD C:/ST/STM32CubeIDE_1.13.2/STM32CubeIDE/plugins/com.st.stm32cube.ide.mcu.externaltools.gnu-tools-for-stm32.11.3.rel1.win32_1.1.1.202309131626/tools/bin/../lib/gcc/arm-none-eabi/11.3.1/thumb/v7e-m+fp/hard/crti.o
LOAD C:/ST/STM32CubeIDE_1.13.2/STM32CubeIDE/plugins/com.st.stm32cube.ide.mcu.externaltools.gnu-tools-for-stm32.11.3.rel1.win32_1.1.1.202309131626/tools/bin/../lib/gcc/arm-none-eabi/11.3.1/thumb/v7e-m+fp/hard/crtbegin.o
LOAD C:/ST/STM32CubeIDE_1.13.2/STM32CubeIDE/plugins/com.st.stm32cube.ide.mcu.externaltools.gnu-tools-for-stm32.11.3.rel1.win32_1.1.1.202309131626/tools/bin/../lib/gcc/arm-none-eabi/11.3.1/../../../../arm-none-eabi/lib/thumb/v7e-m+fp/hard/crt0.o
LOAD ./Core/Src/main.o
LOAD ./Core/Src/stm32f4xx_hal_msp.o
LOAD ./Core/Src/stm32f4xx_it.o
LOAD ./Core/Src/syscalls.o
LOAD ./Core/Src/sysmem.o
LOAD ./Core/Src/system_stm32f4xx.o
LOAD ./Core/Startup/startup_stm32f401rctx.o
LOAD ./Drivers/STM32F4xx_HAL_Driver/Src/stm32f4xx_hal.o
LOAD ./Drivers/STM32F4xx_HAL_Driver/Src/stm32f4xx_hal_cortex.o
LOAD ./Drivers/STM32F4xx_HAL_Driver/Src/stm32f4xx_hal_dma.o
LOAD ./Drivers/STM32F4xx_HAL_Driver/Src/stm32f4xx_hal_dma_ex.o
LOAD ./Drivers/STM32F4xx_HAL_Driver/Src/stm32f4xx_hal_exti.o
LOAD ./Drivers/STM32F4xx_HAL_Driver/Src/stm32f4xx_hal_flash.o
LOAD ./Drivers/STM32F4xx_HAL_Driver/Src/stm32f4xx_hal_flash_ex.o
LOAD ./Drivers/STM32F4xx_HAL_Driver/Src/stm32f4xx_hal_flash_ramfunc.o
LOAD ./Drivers/STM32F4xx_HAL_Driver/Src/stm32f4xx_hal_gpio.o
LOAD ./Drivers/STM32F4xx_HAL_Driver/Src/stm32f4xx_hal_pcd.o
LOAD ./Drivers/STM32F4xx_HAL_Driver/Src/stm32f4xx_hal_pcd_ex.o
LOAD ./Drivers/STM32F4xx_HAL_Driver/Src/stm32f4xx_hal_pwr.o
LOAD ./Drivers/STM32F4xx_HAL_Driver/Src/stm32f4xx_hal_pwr_ex.o
LOAD ./Drivers/STM32F4xx_HAL_Driver/Src/stm32f4xx_hal_rcc.o
LOAD ./Drivers/STM32F4xx_HAL_Driver/Src/stm32f4xx_hal_rcc_ex.o
LOAD ./Drivers/STM32F4xx_HAL_Driver/Src/stm32f4xx_hal_tim.o
LOAD ./Drivers/STM32F4xx_HAL_Driver/Src/stm32f4xx_hal_tim_ex.o
LOAD ./Drivers/STM32F4xx_HAL_Driver/Src/stm32f4xx_ll_usb.o
LOAD ./Middlewares/ST/STM32_USB_Device_Library/Class/CDC/Src/usbd_cdc.o
LOAD ./Middlewares/ST/STM32_USB_Device_Library/Core/Src/usbd_core.o
LOAD ./Middlewares/ST/STM32_USB_Device_Library/Core/Src/usbd_ctlreq.o
LOAD ./Middlewares/ST/STM32_USB_Device_Library/Core/Src/usbd_ioreq.o
LOAD ./USB_DEVICE/App/usb_device.o
LOAD ./USB_DEVICE/App/usbd_cdc_if.o
LOAD ./USB_DEVICE/App/usbd_desc.o
LOAD ./USB_DEVICE/Target/usbd_conf.o
START GROUP
LOAD C:/ST/STM32CubeIDE_1.13.2/STM32CubeIDE/plugins/com.st.stm32cube.ide.mcu.externaltools.gnu-tools-for-stm32.11.3.rel1.win32_1.1.1.202309131626/tools/bin/../lib/gcc/arm-none-eabi/11.3.1/../../../../arm-none-eabi/lib/thumb/v7e-m+fp/hard\libc_nano.a
LOAD C:/ST/STM32CubeIDE_1.13.2/STM32CubeIDE/plugins/com.st.stm32cube.ide.mcu.externaltools.gnu-tools-for-stm32.11.3.rel1.win32_1.1.1.202309131626/tools/bin/../lib/gcc/arm-none-eabi/11.3.1/../../../../arm-none-eabi/lib/thumb/v7e-m+fp/hard\libm.a
END GROUP
START GROUP
LOAD C:/ST/STM32CubeIDE_1.13.2/STM32CubeIDE/plugins/com.st.stm32cube.ide.mcu.externaltools.gnu-tools-for-stm32.11.3.rel1.win32_1.1.1.202309131626/tools/bin/../lib/gcc/arm-none-eabi/11.3.1/thumb/v7e-m+fp/hard\libgcc.a
LOAD C:/ST/STM32CubeIDE_1.13.2/STM32CubeIDE/plugins/com.st.stm32cube.ide.mcu.externaltools.gnu-tools-for-stm32.11.3.rel1.win32_1.1.1.202309131626/tools/bin/../lib/gcc/arm-none-eabi/11.3.1/../../../../arm-none-eabi/lib/thumb/v7e-m+fp/hard\libc_nano.a
END GROUP
START GROUP
LOAD C:/ST/STM32CubeIDE_1.13.2/STM32CubeIDE/plugins/com.st.stm32cube.ide.mcu.externaltools.gnu-tools-for-stm32.11.3.rel1.win32_1.1.1.202309131626/tools/bin/../lib/gcc/arm-none-eabi/11.3.1/thumb/v7e-m+fp/hard\libgcc.a
LOAD C:/ST/STM32CubeIDE_1.13.2/STM32CubeIDE/plugins/com.st.stm32cube.ide.mcu.externaltools.gnu-tools-for-stm32.11.3.rel1.win32_1.1.1.202309131626/tools/bin/../lib/gcc/arm-none-eabi/11.3.1/../../../../arm-none-eabi/lib/thumb/v7e-m+fp/hard\libc_nano.a
LOAD C:/ST/STM32CubeIDE_1.13.2/STM32CubeIDE/plugins/com.st.stm32cube.ide.mcu.externaltools.gnu-tools-for-stm32.11.3.rel1.win32_1.1.1.202309131626/tools/bin/../lib/gcc/arm-none-eabi/11.3.1/../../../../arm-none-eabi/lib/thumb/v7e-m+fp/hard\libnosys.a
END GROUP
START GROUP
LOAD C:/ST/STM32CubeIDE_1.13.2/STM32CubeIDE/plugins/com.st.stm32cube.ide.mcu.externaltools.gnu-tools-for-stm32.11.3.rel1.win32_1.1.1.202309131626/tools/bin/../lib/gcc/arm-none-eabi/11.3.1/thumb/v7e-m+fp/hard\libgcc.a
LOAD C:/ST/STM32CubeIDE_1.13.2/STM32CubeIDE/plugins/com.st.stm32cube.ide.mcu.externaltools.gnu-tools-for-stm32.11.3.rel1.win32_1.1.1.202309131626/tools/bin/../lib/gcc/arm-none-eabi/11.3.1/../../../../arm-none-eabi/lib/thumb/v7e-m+fp/hard\libc_nano.a
LOAD C:/ST/STM32CubeIDE_1.13.2/STM32CubeIDE/plugins/com.st.stm32cube.ide.mcu.externaltools.gnu-tools-for-stm32.11.3.rel1.win32_1.1.1.202309131626/tools/bin/../lib/gcc/arm-none-eabi/11.3.1/../../../../arm-none-eabi/lib/thumb/v7e-m+fp/hard\libnosys.a
END GROUP
LOAD C:/ST/STM32CubeIDE_1.13.2/STM32CubeIDE/plugins/com.st.stm32cube.ide.mcu.externaltools.gnu-tools-for-stm32.11.3.rel1.win32_1.1.1.202309131626/tools/bin/../lib/gcc/arm-none-eabi/11.3.1/thumb/v7e-m+fp/hard/crtend.o
LOAD C:/ST/STM32CubeIDE_1.13.2/STM32CubeIDE/plugins/com.st.stm32cube.ide.mcu.externaltools.gnu-tools-for-stm32.11.3.rel1.win32_1.1.1.202309131626/tools/bin/../lib/gcc/arm-none-eabi/11.3.1/thumb/v7e-m+fp/hard/crtn.o
                0x0000000020010000                _estack = (ORIGIN (RAM) + LENGTH (RAM))
                0x0000000000000600                _Min_Heap_Size = 0x600
                0x0000000000000400                _Min_Stack_Size = 0x400

.isr_vector     0x0000000008000000      0x194
                0x0000000008000000                . = ALIGN (0x4)
 *(.isr_vector)
 .isr_vector    0x0000000008000000      0x194 ./Core/Startup/startup_stm32f401rctx.o
                0x0000000008000000                g_pfnVectors
                0x0000000008000194                . = ALIGN (0x4)

.text           0x0000000008000194     0x6c28
                0x0000000008000194                . = ALIGN (0x4)
 *(.text)
 .text          0x0000000008000194       0x40 C:/ST/STM32CubeIDE_1.13.2/STM32CubeIDE/plugins/com.st.stm32cube.ide.mcu.externaltools.gnu-tools-for-stm32.11.3.rel1.win32_1.1.1.202309131626/tools/bin/../lib/gcc/arm-none-eabi/11.3.1/thumb/v7e-m+fp/hard/crtbegin.o
 .text          0x00000000080001d4       0x30 C:/ST/STM32CubeIDE_1.13.2/STM32CubeIDE/plugins/com.st.stm32cube.ide.mcu.externaltools.gnu-tools-for-stm32.11.3.rel1.win32_1.1.1.202309131626/tools/bin/../lib/gcc/arm-none-eabi/11.3.1/thumb/v7e-m+fp/hard\libgcc.a(_aeabi_uldivmod.o)
                0x00000000080001d4                __aeabi_uldivmod
 .text          0x0000000008000204      0x2c8 C:/ST/STM32CubeIDE_1.13.2/STM32CubeIDE/plugins/com.st.stm32cube.ide.mcu.externaltools.gnu-tools-for-stm32.11.3.rel1.win32_1.1.1.202309131626/tools/bin/../lib/gcc/arm-none-eabi/11.3.1/thumb/v7e-m+fp/hard\libgcc.a(_udivmoddi4.o)
                0x0000000008000204                __udivmoddi4
 .text          0x00000000080004cc        0x4 C:/ST/STM32CubeIDE_1.13.2/STM32CubeIDE/plugins/com.st.stm32cube.ide.mcu.externaltools.gnu-tools-for-stm32.11.3.rel1.win32_1.1.1.202309131626/tools/bin/../lib/gcc/arm-none-eabi/11.3.1/thumb/v7e-m+fp/hard\libgcc.a(_dvmd_tls.o)
                0x00000000080004cc                __aeabi_idiv0
                0x00000000080004cc                __aeabi_ldiv0
 *(.text*)
 .text.main     0x00000000080004d0       0x38 ./Core/Src/main.o
                0x00000000080004d0                main
 .text.SystemClock_Config
                0x0000000008000508       0xd8 ./Core/Src/main.o
                0x0000000008000508                SystemClock_Config
 .text.MX_GPIO_Init
                0x00000000080005e0       0xa4 ./Core/Src/main.o
 .text.Error_Handler
                0x0000000008000684        0xa ./Core/Src/main.o
                0x0000000008000684                Error_Handler
 *fill*         0x000000000800068e        0x2 
 .text.HAL_MspInit
                0x0000000008000690       0x50 ./Core/Src/stm32f4xx_hal_msp.o
                0x0000000008000690                HAL_MspInit
 .text.NMI_Handler
                0x00000000080006e0        0x6 ./Core/Src/stm32f4xx_it.o
                0x00000000080006e0                NMI_Handler
 .text.HardFault_Handler
                0x00000000080006e6        0x6 ./Core/Src/stm32f4xx_it.o
                0x00000000080006e6                HardFault_Handler
 .text.MemManage_Handler
                0x00000000080006ec        0x6 ./Core/Src/stm32f4xx_it.o
                0x00000000080006ec                MemManage_Handler
 .text.BusFault_Handler
                0x00000000080006f2        0x6 ./Core/Src/stm32f4xx_it.o
                0x00000000080006f2                BusFault_Handler
 .text.UsageFault_Handler
                0x00000000080006f8        0x6 ./Core/Src/stm32f4xx_it.o
                0x00000000080006f8                UsageFault_Handler
 .text.SVC_Handler
                0x00000000080006fe        0xe ./Core/Src/stm32f4xx_it.o
                0x00000000080006fe                SVC_Handler
 .text.DebugMon_Handler
                0x000000000800070c        0xe ./Core/Src/stm32f4xx_it.o
                0x000000000800070c                DebugMon_Handler
 .text.PendSV_Handler
                0x000000000800071a        0xe ./Core/Src/stm32f4xx_it.o
                0x000000000800071a                PendSV_Handler
 .text.SysTick_Handler
                0x0000000008000728        0xc ./Core/Src/stm32f4xx_it.o
                0x0000000008000728                SysTick_Handler
 .text.OTG_FS_IRQHandler
                0x0000000008000734       0x14 ./Core/Src/stm32f4xx_it.o
                0x0000000008000734                OTG_FS_IRQHandler
 .text.SystemInit
                0x0000000008000748       0x24 ./Core/Src/system_stm32f4xx.o
                0x0000000008000748                SystemInit
 .text.Reset_Handler
                0x000000000800076c       0x50 ./Core/Startup/startup_stm32f401rctx.o
                0x000000000800076c                Reset_Handler
 .text.Default_Handler
                0x00000000080007bc        0x2 ./Core/Startup/startup_stm32f401rctx.o
                0x00000000080007bc                RTC_Alarm_IRQHandler
                0x00000000080007bc                EXTI2_IRQHandler
                0x00000000080007bc                SPI4_IRQHandler
                0x00000000080007bc                TIM1_CC_IRQHandler
                0x00000000080007bc                DMA2_Stream5_IRQHandler
                0x00000000080007bc                DMA1_Stream5_IRQHandler
                0x00000000080007bc                PVD_IRQHandler
                0x00000000080007bc                SDIO_IRQHandler
                0x00000000080007bc                TAMP_STAMP_IRQHandler
                0x00000000080007bc                EXTI3_IRQHandler
                0x00000000080007bc                TIM1_UP_TIM10_IRQHandler
                0x00000000080007bc                I2C3_ER_IRQHandler
                0x00000000080007bc                EXTI0_IRQHandler
                0x00000000080007bc                I2C2_EV_IRQHandler
                0x00000000080007bc                DMA1_Stream2_IRQHandler
                0x00000000080007bc                FPU_IRQHandler
                0x00000000080007bc                DMA2_Stream2_IRQHandler
                0x00000000080007bc                SPI1_IRQHandler
                0x00000000080007bc                TIM1_BRK_TIM9_IRQHandler
                0x00000000080007bc                DMA2_Stream3_IRQHandler
                0x00000000080007bc                USART6_IRQHandler
                0x00000000080007bc                DMA2_Stream0_IRQHandler
                0x00000000080007bc                TIM4_IRQHandler
                0x00000000080007bc                I2C1_EV_IRQHandler
                0x00000000080007bc                DMA1_Stream6_IRQHandler
                0x00000000080007bc                DMA1_Stream1_IRQHandler
                0x00000000080007bc                TIM3_IRQHandler
                0x00000000080007bc                RCC_IRQHandler
                0x00000000080007bc                Default_Handler
                0x00000000080007bc                EXTI15_10_IRQHandler
                0x00000000080007bc                ADC_IRQHandler
                0x00000000080007bc                DMA1_Stream7_IRQHandler
                0x00000000080007bc                TIM5_IRQHandler
                0x00000000080007bc                DMA2_Stream7_IRQHandler
                0x00000000080007bc                I2C3_EV_IRQHandler
                0x00000000080007bc                EXTI9_5_IRQHandler
                0x00000000080007bc                RTC_WKUP_IRQHandler
                0x00000000080007bc                SPI2_IRQHandler
                0x00000000080007bc                DMA1_Stream0_IRQHandler
                0x00000000080007bc                EXTI4_IRQHandler
                0x00000000080007bc                WWDG_IRQHandler
                0x00000000080007bc                TIM2_IRQHandler
                0x00000000080007bc                OTG_FS_WKUP_IRQHandler
                0x00000000080007bc                TIM1_TRG_COM_TIM11_IRQHandler
                0x00000000080007bc                EXTI1_IRQHandler
                0x00000000080007bc                USART2_IRQHandler
                0x00000000080007bc                I2C2_ER_IRQHandler
                0x00000000080007bc                DMA2_Stream1_IRQHandler
                0x00000000080007bc                FLASH_IRQHandler
                0x00000000080007bc                DMA2_Stream4_IRQHandler
                0x00000000080007bc                USART1_IRQHandler
                0x00000000080007bc                SPI3_IRQHandler
                0x00000000080007bc                DMA1_Stream4_IRQHandler
                0x00000000080007bc                I2C1_ER_IRQHandler
                0x00000000080007bc                DMA2_Stream6_IRQHandler
                0x00000000080007bc                DMA1_Stream3_IRQHandler
 *fill*         0x00000000080007be        0x2 
 .text.HAL_Init
                0x00000000080007c0       0x44 ./Drivers/STM32F4xx_HAL_Driver/Src/stm32f4xx_hal.o
                0x00000000080007c0                HAL_Init
 .text.HAL_InitTick
                0x0000000008000804       0x60 ./Drivers/STM32F4xx_HAL_Driver/Src/stm32f4xx_hal.o
                0x0000000008000804                HAL_InitTick
 .text.HAL_IncTick
                0x0000000008000864       0x28 ./Drivers/STM32F4xx_HAL_Driver/Src/stm32f4xx_hal.o
                0x0000000008000864                HAL_IncTick
 .text.HAL_GetTick
                0x000000000800088c       0x18 ./Drivers/STM32F4xx_HAL_Driver/Src/stm32f4xx_hal.o
                0x000000000800088c                HAL_GetTick
 .text.HAL_Delay
                0x00000000080008a4       0x48 ./Drivers/STM32F4xx_HAL_Driver/Src/stm32f4xx_hal.o
                0x00000000080008a4                HAL_Delay
 .text.__NVIC_SetPriorityGrouping
                0x00000000080008ec       0x48 ./Drivers/STM32F4xx_HAL_Driver/Src/stm32f4xx_hal_cortex.o
 .text.__NVIC_GetPriorityGrouping
                0x0000000008000934       0x1c ./Drivers/STM32F4xx_HAL_Driver/Src/stm32f4xx_hal_cortex.o
 .text.__NVIC_EnableIRQ
                0x0000000008000950       0x3c ./Drivers/STM32F4xx_HAL_Driver/Src/stm32f4xx_hal_cortex.o
 .text.__NVIC_SetPriority
                0x000000000800098c       0x54 ./Drivers/STM32F4xx_HAL_Driver/Src/stm32f4xx_hal_cortex.o
 .text.NVIC_EncodePriority
                0x00000000080009e0       0x66 ./Drivers/STM32F4xx_HAL_Driver/Src/stm32f4xx_hal_cortex.o
 *fill*         0x0000000008000a46        0x2 
 .text.SysTick_Config
                0x0000000008000a48       0x44 ./Drivers/STM32F4xx_HAL_Driver/Src/stm32f4xx_hal_cortex.o
 .text.HAL_NVIC_SetPriorityGrouping
                0x0000000008000a8c       0x16 ./Drivers/STM32F4xx_HAL_Driver/Src/stm32f4xx_hal_cortex.o
                0x0000000008000a8c                HAL_NVIC_SetPriorityGrouping
 .text.HAL_NVIC_SetPriority
                0x0000000008000aa2       0x38 ./Drivers/STM32F4xx_HAL_Driver/Src/stm32f4xx_hal_cortex.o
                0x0000000008000aa2                HAL_NVIC_SetPriority
 .text.HAL_NVIC_EnableIRQ
                0x0000000008000ada       0x1c ./Drivers/STM32F4xx_HAL_Driver/Src/stm32f4xx_hal_cortex.o
                0x0000000008000ada                HAL_NVIC_EnableIRQ
 .text.HAL_SYSTICK_Config
                0x0000000008000af6       0x18 ./Drivers/STM32F4xx_HAL_Driver/Src/stm32f4xx_hal_cortex.o
                0x0000000008000af6                HAL_SYSTICK_Config
 *fill*         0x0000000008000b0e        0x2 
 .text.HAL_GPIO_Init
                0x0000000008000b10      0x308 ./Drivers/STM32F4xx_HAL_Driver/Src/stm32f4xx_hal_gpio.o
                0x0000000008000b10                HAL_GPIO_Init
 .text.HAL_GPIO_WritePin
                0x0000000008000e18       0x32 ./Drivers/STM32F4xx_HAL_Driver/Src/stm32f4xx_hal_gpio.o
                0x0000000008000e18                HAL_GPIO_WritePin
 .text.HAL_GPIO_TogglePin
                0x0000000008000e4a       0x34 ./Drivers/STM32F4xx_HAL_Driver/Src/stm32f4xx_hal_gpio.o
                0x0000000008000e4a                HAL_GPIO_TogglePin
 .text.HAL_PCD_Init
                0x0000000008000e7e      0x23a ./Drivers/STM32F4xx_HAL_Driver/Src/stm32f4xx_hal_pcd.o
                0x0000000008000e7e                HAL_PCD_Init
 .text.HAL_PCD_Start
                0x00000000080010b8       0x66 ./Drivers/STM32F4xx_HAL_Driver/Src/stm32f4xx_hal_pcd.o
                0x00000000080010b8                HAL_PCD_Start
 .text.HAL_PCD_IRQHandler
                0x000000000800111e      0x93e ./Drivers/STM32F4xx_HAL_Driver/Src/stm32f4xx_hal_pcd.o
                0x000000000800111e                HAL_PCD_IRQHandler
 .text.HAL_PCD_SetAddress
                0x0000000008001a5c       0x4a ./Drivers/STM32F4xx_HAL_Driver/Src/stm32f4xx_hal_pcd.o
                0x0000000008001a5c                HAL_PCD_SetAddress
 .text.HAL_PCD_EP_Open
                0x0000000008001aa6       0xd0 ./Drivers/STM32F4xx_HAL_Driver/Src/stm32f4xx_hal_pcd.o
                0x0000000008001aa6                HAL_PCD_EP_Open
 .text.HAL_PCD_EP_Close
                0x0000000008001b76       0x94 ./Drivers/STM32F4xx_HAL_Driver/Src/stm32f4xx_hal_pcd.o
                0x0000000008001b76                HAL_PCD_EP_Close
 .text.HAL_PCD_EP_Receive
                0x0000000008001c0a       0x96 ./Drivers/STM32F4xx_HAL_Driver/Src/stm32f4xx_hal_pcd.o
                0x0000000008001c0a                HAL_PCD_EP_Receive
 .text.HAL_PCD_EP_GetRxCount
                0x0000000008001ca0       0x30 ./Drivers/STM32F4xx_HAL_Driver/Src/stm32f4xx_hal_pcd.o
                0x0000000008001ca0                HAL_PCD_EP_GetRxCount
 .text.HAL_PCD_EP_Transmit
                0x0000000008001cd0       0x94 ./Drivers/STM32F4xx_HAL_Driver/Src/stm32f4xx_hal_pcd.o
                0x0000000008001cd0                HAL_PCD_EP_Transmit
 .text.HAL_PCD_EP_SetStall
                0x0000000008001d64       0xc8 ./Drivers/STM32F4xx_HAL_Driver/Src/stm32f4xx_hal_pcd.o
                0x0000000008001d64                HAL_PCD_EP_SetStall
 .text.HAL_PCD_EP_ClrStall
                0x0000000008001e2c       0xac ./Drivers/STM32F4xx_HAL_Driver/Src/stm32f4xx_hal_pcd.o
                0x0000000008001e2c                HAL_PCD_EP_ClrStall
 .text.HAL_PCD_EP_Abort
                0x0000000008001ed8       0x62 ./Drivers/STM32F4xx_HAL_Driver/Src/stm32f4xx_hal_pcd.o
                0x0000000008001ed8                HAL_PCD_EP_Abort
 .text.PCD_WriteEmptyTxFifo
                0x0000000008001f3a      0x11a ./Drivers/STM32F4xx_HAL_Driver/Src/stm32f4xx_hal_pcd.o
 .text.PCD_EP_OutXfrComplete_int
                0x0000000008002054      0x1d0 ./Drivers/STM32F4xx_HAL_Driver/Src/stm32f4xx_hal_pcd.o
 .text.PCD_EP_OutSetupPacket_int
                0x0000000008002224       0x8c ./Drivers/STM32F4xx_HAL_Driver/Src/stm32f4xx_hal_pcd.o
 .text.HAL_PCDEx_SetTxFiFo
                0x00000000080022b0       0x8e ./Drivers/STM32F4xx_HAL_Driver/Src/stm32f4xx_hal_pcd_ex.o
                0x00000000080022b0                HAL_PCDEx_SetTxFiFo
 .text.HAL_PCDEx_SetRxFiFo
                0x000000000800233e       0x22 ./Drivers/STM32F4xx_HAL_Driver/Src/stm32f4xx_hal_pcd_ex.o
                0x000000000800233e                HAL_PCDEx_SetRxFiFo
 .text.HAL_PCDEx_LPM_Callback
                0x0000000008002360       0x18 ./Drivers/STM32F4xx_HAL_Driver/Src/stm32f4xx_hal_pcd_ex.o
                0x0000000008002360                HAL_PCDEx_LPM_Callback
 .text.HAL_RCC_OscConfig
                0x0000000008002378      0x4f0 ./Drivers/STM32F4xx_HAL_Driver/Src/stm32f4xx_hal_rcc.o
                0x0000000008002378                HAL_RCC_OscConfig
 .text.HAL_RCC_ClockConfig
                0x0000000008002868      0x1cc ./Drivers/STM32F4xx_HAL_Driver/Src/stm32f4xx_hal_rcc.o
                0x0000000008002868                HAL_RCC_ClockConfig
 .text.HAL_RCC_GetSysClockFreq
                0x0000000008002a34      0x18c ./Drivers/STM32F4xx_HAL_Driver/Src/stm32f4xx_hal_rcc.o
                0x0000000008002a34                HAL_RCC_GetSysClockFreq
 .text.HAL_RCC_GetHCLKFreq
                0x0000000008002bc0       0x18 ./Drivers/STM32F4xx_HAL_Driver/Src/stm32f4xx_hal_rcc.o
                0x0000000008002bc0                HAL_RCC_GetHCLKFreq
 .text.USB_CoreInit
                0x0000000008002bd8       0xc2 ./Drivers/STM32F4xx_HAL_Driver/Src/stm32f4xx_ll_usb.o
                0x0000000008002bd8                USB_CoreInit
 *fill*         0x0000000008002c9a        0x2 
 .text.USB_SetTurnaroundTime
                0x0000000008002c9c      0x144 ./Drivers/STM32F4xx_HAL_Driver/Src/stm32f4xx_ll_usb.o
                0x0000000008002c9c                USB_SetTurnaroundTime
 .text.USB_EnableGlobalInt
                0x0000000008002de0       0x22 ./Drivers/STM32F4xx_HAL_Driver/Src/stm32f4xx_ll_usb.o
                0x0000000008002de0                USB_EnableGlobalInt
 .text.USB_DisableGlobalInt
                0x0000000008002e02       0x22 ./Drivers/STM32F4xx_HAL_Driver/Src/stm32f4xx_ll_usb.o
                0x0000000008002e02                USB_DisableGlobalInt
 .text.USB_SetCurrentMode
                0x0000000008002e24       0x98 ./Drivers/STM32F4xx_HAL_Driver/Src/stm32f4xx_ll_usb.o
                0x0000000008002e24                USB_SetCurrentMode
 .text.USB_DevInit
                0x0000000008002ebc      0x2c8 ./Drivers/STM32F4xx_HAL_Driver/Src/stm32f4xx_ll_usb.o
                0x0000000008002ebc                USB_DevInit
 .text.USB_FlushTxFifo
                0x0000000008003184       0x68 ./Drivers/STM32F4xx_HAL_Driver/Src/stm32f4xx_ll_usb.o
                0x0000000008003184                USB_FlushTxFifo
 .text.USB_FlushRxFifo
                0x00000000080031ec       0x60 ./Drivers/STM32F4xx_HAL_Driver/Src/stm32f4xx_ll_usb.o
                0x00000000080031ec                USB_FlushRxFifo
 .text.USB_SetDevSpeed
                0x000000000800324c       0x32 ./Drivers/STM32F4xx_HAL_Driver/Src/stm32f4xx_ll_usb.o
                0x000000000800324c                USB_SetDevSpeed
 .text.USB_GetDevSpeed
                0x000000000800327e       0x4a ./Drivers/STM32F4xx_HAL_Driver/Src/stm32f4xx_ll_usb.o
                0x000000000800327e                USB_GetDevSpeed
 .text.USB_ActivateEndpoint
                0x00000000080032c8      0x10e ./Drivers/STM32F4xx_HAL_Driver/Src/stm32f4xx_ll_usb.o
                0x00000000080032c8                USB_ActivateEndpoint
 *fill*         0x00000000080033d6        0x2 
 .text.USB_DeactivateEndpoint
                0x00000000080033d8      0x1b8 ./Drivers/STM32F4xx_HAL_Driver/Src/stm32f4xx_ll_usb.o
                0x00000000080033d8                USB_DeactivateEndpoint
 .text.USB_EPStartXfer
                0x0000000008003590      0x490 ./Drivers/STM32F4xx_HAL_Driver/Src/stm32f4xx_ll_usb.o
                0x0000000008003590                USB_EPStartXfer
 .text.USB_EP0StartXfer
                0x0000000008003a20      0x2b0 ./Drivers/STM32F4xx_HAL_Driver/Src/stm32f4xx_ll_usb.o
                0x0000000008003a20                USB_EP0StartXfer
 .text.USB_EPStopXfer
                0x0000000008003cd0      0x154 ./Drivers/STM32F4xx_HAL_Driver/Src/stm32f4xx_ll_usb.o
                0x0000000008003cd0                USB_EPStopXfer
 .text.USB_WritePacket
                0x0000000008003e24       0x7c ./Drivers/STM32F4xx_HAL_Driver/Src/stm32f4xx_ll_usb.o
                0x0000000008003e24                USB_WritePacket
 .text.USB_ReadPacket
                0x0000000008003ea0       0xb0 ./Drivers/STM32F4xx_HAL_Driver/Src/stm32f4xx_ll_usb.o
                0x0000000008003ea0                USB_ReadPacket
 .text.USB_EPSetStall
                0x0000000008003f50       0xdc ./Drivers/STM32F4xx_HAL_Driver/Src/stm32f4xx_ll_usb.o
                0x0000000008003f50                USB_EPSetStall
 .text.USB_EPClearStall
                0x000000000800402c       0xcc ./Drivers/STM32F4xx_HAL_Driver/Src/stm32f4xx_ll_usb.o
                0x000000000800402c                USB_EPClearStall
 .text.USB_SetDevAddress
                0x00000000080040f8       0x4c ./Drivers/STM32F4xx_HAL_Driver/Src/stm32f4xx_ll_usb.o
                0x00000000080040f8                USB_SetDevAddress
 .text.USB_DevConnect
                0x0000000008004144       0x42 ./Drivers/STM32F4xx_HAL_Driver/Src/stm32f4xx_ll_usb.o
                0x0000000008004144                USB_DevConnect
 .text.USB_DevDisconnect
                0x0000000008004186       0x42 ./Drivers/STM32F4xx_HAL_Driver/Src/stm32f4xx_ll_usb.o
                0x0000000008004186                USB_DevDisconnect
 .text.USB_ReadInterrupts
                0x00000000080041c8       0x26 ./Drivers/STM32F4xx_HAL_Driver/Src/stm32f4xx_ll_usb.o
                0x00000000080041c8                USB_ReadInterrupts
 .text.USB_ReadDevAllOutEpInterrupt
                0x00000000080041ee       0x34 ./Drivers/STM32F4xx_HAL_Driver/Src/stm32f4xx_ll_usb.o
                0x00000000080041ee                USB_ReadDevAllOutEpInterrupt
 .text.USB_ReadDevAllInEpInterrupt
                0x0000000008004222       0x34 ./Drivers/STM32F4xx_HAL_Driver/Src/stm32f4xx_ll_usb.o
                0x0000000008004222                USB_ReadDevAllInEpInterrupt
 .text.USB_ReadDevOutEPInterrupt
                0x0000000008004256       0x3c ./Drivers/STM32F4xx_HAL_Driver/Src/stm32f4xx_ll_usb.o
                0x0000000008004256                USB_ReadDevOutEPInterrupt
 .text.USB_ReadDevInEPInterrupt
                0x0000000008004292       0x5c ./Drivers/STM32F4xx_HAL_Driver/Src/stm32f4xx_ll_usb.o
                0x0000000008004292                USB_ReadDevInEPInterrupt
 .text.USB_GetMode
                0x00000000080042ee       0x1c ./Drivers/STM32F4xx_HAL_Driver/Src/stm32f4xx_ll_usb.o
                0x00000000080042ee                USB_GetMode
 .text.USB_ActivateSetup
                0x000000000800430a       0x46 ./Drivers/STM32F4xx_HAL_Driver/Src/stm32f4xx_ll_usb.o
                0x000000000800430a                USB_ActivateSetup
 .text.USB_EP0_OutStart
                0x0000000008004350       0xbc ./Drivers/STM32F4xx_HAL_Driver/Src/stm32f4xx_ll_usb.o
                0x0000000008004350                USB_EP0_OutStart
 .text.USB_CoreReset
                0x000000000800440c       0x68 ./Drivers/STM32F4xx_HAL_Driver/Src/stm32f4xx_ll_usb.o
 .text.USBD_CDC_Init
                0x0000000008004474      0x1f0 ./Middlewares/ST/STM32_USB_Device_Library/Class/CDC/Src/usbd_cdc.o
 .text.USBD_CDC_DeInit
                0x0000000008004664      0x104 ./Middlewares/ST/STM32_USB_Device_Library/Class/CDC/Src/usbd_cdc.o
 .text.USBD_CDC_Setup
                0x0000000008004768      0x1b8 ./Middlewares/ST/STM32_USB_Device_Library/Class/CDC/Src/usbd_cdc.o
 .text.USBD_CDC_DataIn
                0x0000000008004920       0xfe ./Middlewares/ST/STM32_USB_Device_Library/Class/CDC/Src/usbd_cdc.o
 .text.USBD_CDC_DataOut
                0x0000000008004a1e       0x70 ./Middlewares/ST/STM32_USB_Device_Library/Class/CDC/Src/usbd_cdc.o
 .text.USBD_CDC_EP0_RxReady
                0x0000000008004a8e       0x76 ./Middlewares/ST/STM32_USB_Device_Library/Class/CDC/Src/usbd_cdc.o
 .text.USBD_CDC_GetFSCfgDesc
                0x0000000008004b04       0x70 ./Middlewares/ST/STM32_USB_Device_Library/Class/CDC/Src/usbd_cdc.o
 .text.USBD_CDC_GetHSCfgDesc
                0x0000000008004b74       0x70 ./Middlewares/ST/STM32_USB_Device_Library/Class/CDC/Src/usbd_cdc.o
 .text.USBD_CDC_GetOtherSpeedCfgDesc
                0x0000000008004be4       0x70 ./Middlewares/ST/STM32_USB_Device_Library/Class/CDC/Src/usbd_cdc.o
 .text.USBD_CDC_GetDeviceQualifierDescriptor
                0x0000000008004c54       0x20 ./Middlewares/ST/STM32_USB_Device_Library/Class/CDC/Src/usbd_cdc.o
                0x0000000008004c54                USBD_CDC_GetDeviceQualifierDescriptor
 .text.USBD_CDC_RegisterInterface
                0x0000000008004c74       0x34 ./Middlewares/ST/STM32_USB_Device_Library/Class/CDC/Src/usbd_cdc.o
                0x0000000008004c74                USBD_CDC_RegisterInterface
 .text.USBD_CDC_SetTxBuffer
                0x0000000008004ca8       0x44 ./Middlewares/ST/STM32_USB_Device_Library/Class/CDC/Src/usbd_cdc.o
                0x0000000008004ca8                USBD_CDC_SetTxBuffer
 .text.USBD_CDC_SetRxBuffer
                0x0000000008004cec       0x3a ./Middlewares/ST/STM32_USB_Device_Library/Class/CDC/Src/usbd_cdc.o
                0x0000000008004cec                USBD_CDC_SetRxBuffer
 *fill*         0x0000000008004d26        0x2 
 .text.USBD_CDC_ReceivePacket
                0x0000000008004d28       0x6c ./Middlewares/ST/STM32_USB_Device_Library/Class/CDC/Src/usbd_cdc.o
                0x0000000008004d28                USBD_CDC_ReceivePacket
 .text.USBD_Init
                0x0000000008004d94       0x60 ./Middlewares/ST/STM32_USB_Device_Library/Core/Src/usbd_core.o
                0x0000000008004d94                USBD_Init
 .text.USBD_RegisterClass
                0x0000000008004df4       0x6c ./Middlewares/ST/STM32_USB_Device_Library/Core/Src/usbd_core.o
                0x0000000008004df4                USBD_RegisterClass
 .text.USBD_Start
                0x0000000008004e60       0x18 ./Middlewares/ST/STM32_USB_Device_Library/Core/Src/usbd_core.o
                0x0000000008004e60                USBD_Start
 .text.USBD_RunTestMode
                0x0000000008004e78       0x16 ./Middlewares/ST/STM32_USB_Device_Library/Core/Src/usbd_core.o
                0x0000000008004e78                USBD_RunTestMode
 .text.USBD_SetClassConfig
                0x0000000008004e8e       0x38 ./Middlewares/ST/STM32_USB_Device_Library/Core/Src/usbd_core.o
                0x0000000008004e8e                USBD_SetClassConfig
 .text.USBD_ClrClassConfig
                0x0000000008004ec6       0x34 ./Middlewares/ST/STM32_USB_Device_Library/Core/Src/usbd_core.o
                0x0000000008004ec6                USBD_ClrClassConfig
 .text.USBD_LL_SetupStage
                0x0000000008004efa       0xaa ./Middlewares/ST/STM32_USB_Device_Library/Core/Src/usbd_core.o
                0x0000000008004efa                USBD_LL_SetupStage
 .text.USBD_LL_DataOutStage
                0x0000000008004fa4      0x166 ./Middlewares/ST/STM32_USB_Device_Library/Core/Src/usbd_core.o
                0x0000000008004fa4                USBD_LL_DataOutStage
 .text.USBD_LL_DataInStage
                0x000000000800510a      0x164 ./Middlewares/ST/STM32_USB_Device_Library/Core/Src/usbd_core.o
                0x000000000800510a                USBD_LL_DataInStage
 .text.USBD_LL_Reset
                0x000000000800526e       0xa4 ./Middlewares/ST/STM32_USB_Device_Library/Core/Src/usbd_core.o
                0x000000000800526e                USBD_LL_Reset
 .text.USBD_LL_SetSpeed
                0x0000000008005312       0x20 ./Middlewares/ST/STM32_USB_Device_Library/Core/Src/usbd_core.o
                0x0000000008005312                USBD_LL_SetSpeed
 .text.USBD_LL_Suspend
                0x0000000008005332       0x2c ./Middlewares/ST/STM32_USB_Device_Library/Core/Src/usbd_core.o
                0x0000000008005332                USBD_LL_Suspend
 .text.USBD_LL_Resume
                0x000000000800535e       0x30 ./Middlewares/ST/STM32_USB_Device_Library/Core/Src/usbd_core.o
                0x000000000800535e                USBD_LL_Resume
 .text.USBD_LL_SOF
                0x000000000800538e       0x40 ./Middlewares/ST/STM32_USB_Device_Library/Core/Src/usbd_core.o
                0x000000000800538e                USBD_LL_SOF
 .text.USBD_LL_IsoINIncomplete
                0x00000000080053ce       0x64 ./Middlewares/ST/STM32_USB_Device_Library/Core/Src/usbd_core.o
                0x00000000080053ce                USBD_LL_IsoINIncomplete
 .text.USBD_LL_IsoOUTIncomplete
                0x0000000008005432       0x64 ./Middlewares/ST/STM32_USB_Device_Library/Core/Src/usbd_core.o
                0x0000000008005432                USBD_LL_IsoOUTIncomplete
 .text.USBD_LL_DevConnected
                0x0000000008005496       0x16 ./Middlewares/ST/STM32_USB_Device_Library/Core/Src/usbd_core.o
                0x0000000008005496                USBD_LL_DevConnected
 .text.USBD_LL_DevDisconnected
                0x00000000080054ac       0x46 ./Middlewares/ST/STM32_USB_Device_Library/Core/Src/usbd_core.o
                0x00000000080054ac                USBD_LL_DevDisconnected
 .text.USBD_CoreFindIF
                0x00000000080054f2       0x1a ./Middlewares/ST/STM32_USB_Device_Library/Core/Src/usbd_core.o
                0x00000000080054f2                USBD_CoreFindIF
 .text.USBD_CoreFindEP
                0x000000000800550c       0x1a ./Middlewares/ST/STM32_USB_Device_Library/Core/Src/usbd_core.o
                0x000000000800550c                USBD_CoreFindEP
 .text.USBD_GetEpDesc
                0x0000000008005526       0x74 ./Middlewares/ST/STM32_USB_Device_Library/Core/Src/usbd_core.o
                0x0000000008005526                USBD_GetEpDesc
 .text.USBD_GetNextDesc
                0x000000000800559a       0x3a ./Middlewares/ST/STM32_USB_Device_Library/Core/Src/usbd_core.o
                0x000000000800559a                USBD_GetNextDesc
 .text.SWAPBYTE
                0x00000000080055d4       0x3c ./Middlewares/ST/STM32_USB_Device_Library/Core/Src/usbd_ctlreq.o
 .text.USBD_StdDevReq
                0x0000000008005610       0xe4 ./Middlewares/ST/STM32_USB_Device_Library/Core/Src/usbd_ctlreq.o
                0x0000000008005610                USBD_StdDevReq
 .text.USBD_StdItfReq
                0x00000000080056f4       0xd8 ./Middlewares/ST/STM32_USB_Device_Library/Core/Src/usbd_ctlreq.o
                0x00000000080056f4                USBD_StdItfReq
 .text.USBD_StdEPReq
                0x00000000080057cc      0x33a ./Middlewares/ST/STM32_USB_Device_Library/Core/Src/usbd_ctlreq.o
                0x00000000080057cc                USBD_StdEPReq
 *fill*         0x0000000008005b06        0x2 
 .text.USBD_GetDescriptor
                0x0000000008005b08      0x2d4 ./Middlewares/ST/STM32_USB_Device_Library/Core/Src/usbd_ctlreq.o
 .text.USBD_SetAddress
                0x0000000008005ddc       0x88 ./Middlewares/ST/STM32_USB_Device_Library/Core/Src/usbd_ctlreq.o
 .text.USBD_SetConfig
                0x0000000008005e64      0x154 ./Middlewares/ST/STM32_USB_Device_Library/Core/Src/usbd_ctlreq.o
 .text.USBD_GetConfig
                0x0000000008005fb8       0x6c ./Middlewares/ST/STM32_USB_Device_Library/Core/Src/usbd_ctlreq.o
 .text.USBD_GetStatus
                0x0000000008006024       0x68 ./Middlewares/ST/STM32_USB_Device_Library/Core/Src/usbd_ctlreq.o
 .text.USBD_SetFeature
                0x000000000800608c       0x52 ./Middlewares/ST/STM32_USB_Device_Library/Core/Src/usbd_ctlreq.o
 .text.USBD_ClrFeature
                0x00000000080060de       0x44 ./Middlewares/ST/STM32_USB_Device_Library/Core/Src/usbd_ctlreq.o
 .text.USBD_ParseSetupRequest
                0x0000000008006122       0x74 ./Middlewares/ST/STM32_USB_Device_Library/Core/Src/usbd_ctlreq.o
                0x0000000008006122                USBD_ParseSetupRequest
 .text.USBD_CtlError
                0x0000000008006196       0x22 ./Middlewares/ST/STM32_USB_Device_Library/Core/Src/usbd_ctlreq.o
                0x0000000008006196                USBD_CtlError
 .text.USBD_GetString
                0x00000000080061b8       0x8c ./Middlewares/ST/STM32_USB_Device_Library/Core/Src/usbd_ctlreq.o
                0x00000000080061b8                USBD_GetString
 .text.USBD_GetLen
                0x0000000008006244       0x34 ./Middlewares/ST/STM32_USB_Device_Library/Core/Src/usbd_ctlreq.o
 .text.USBD_CtlSendData
                0x0000000008006278       0x36 ./Middlewares/ST/STM32_USB_Device_Library/Core/Src/usbd_ioreq.o
                0x0000000008006278                USBD_CtlSendData
 .text.USBD_CtlContinueSendData
                0x00000000080062ae       0x22 ./Middlewares/ST/STM32_USB_Device_Library/Core/Src/usbd_ioreq.o
                0x00000000080062ae                USBD_CtlContinueSendData
 .text.USBD_CtlPrepareRx
                0x00000000080062d0       0x3a ./Middlewares/ST/STM32_USB_Device_Library/Core/Src/usbd_ioreq.o
                0x00000000080062d0                USBD_CtlPrepareRx
 .text.USBD_CtlContinueRx
                0x000000000800630a       0x22 ./Middlewares/ST/STM32_USB_Device_Library/Core/Src/usbd_ioreq.o
                0x000000000800630a                USBD_CtlContinueRx
 .text.USBD_CtlSendStatus
                0x000000000800632c       0x26 ./Middlewares/ST/STM32_USB_Device_Library/Core/Src/usbd_ioreq.o
                0x000000000800632c                USBD_CtlSendStatus
 .text.USBD_CtlReceiveStatus
                0x0000000008006352       0x26 ./Middlewares/ST/STM32_USB_Device_Library/Core/Src/usbd_ioreq.o
                0x0000000008006352                USBD_CtlReceiveStatus
 .text.MX_USB_DEVICE_Init
                0x0000000008006378       0x60 ./USB_DEVICE/App/usb_device.o
                0x0000000008006378                MX_USB_DEVICE_Init
 .text.CDC_Init_FS
                0x00000000080063d8       0x28 ./USB_DEVICE/App/usbd_cdc_if.o
 .text.CDC_DeInit_FS
                0x0000000008006400       0x10 ./USB_DEVICE/App/usbd_cdc_if.o
 .text.CDC_Control_FS
                0x0000000008006410       0xbc ./USB_DEVICE/App/usbd_cdc_if.o
 .text.CDC_Receive_FS
                0x00000000080064cc       0x28 ./USB_DEVICE/App/usbd_cdc_if.o
 .text.CDC_TransmitCplt_FS
                0x00000000080064f4       0x22 ./USB_DEVICE/App/usbd_cdc_if.o
 *fill*         0x0000000008006516        0x2 
 .text.USBD_FS_DeviceDescriptor
                0x0000000008006518       0x24 ./USB_DEVICE/App/usbd_desc.o
                0x0000000008006518                USBD_FS_DeviceDescriptor
 .text.USBD_FS_LangIDStrDescriptor
                0x000000000800653c       0x24 ./USB_DEVICE/App/usbd_desc.o
                0x000000000800653c                USBD_FS_LangIDStrDescriptor
 .text.USBD_FS_ProductStrDescriptor
                0x0000000008006560       0x3c ./USB_DEVICE/App/usbd_desc.o
                0x0000000008006560                USBD_FS_ProductStrDescriptor
 .text.USBD_FS_ManufacturerStrDescriptor
                0x000000000800659c       0x28 ./USB_DEVICE/App/usbd_desc.o
                0x000000000800659c                USBD_FS_ManufacturerStrDescriptor
 .text.USBD_FS_SerialStrDescriptor
                0x00000000080065c4       0x24 ./USB_DEVICE/App/usbd_desc.o
                0x00000000080065c4                USBD_FS_SerialStrDescriptor
 .text.USBD_FS_ConfigStrDescriptor
                0x00000000080065e8       0x3c ./USB_DEVICE/App/usbd_desc.o
                0x00000000080065e8                USBD_FS_ConfigStrDescriptor
 .text.USBD_FS_InterfaceStrDescriptor
                0x0000000008006624       0x3c ./USB_DEVICE/App/usbd_desc.o
                0x0000000008006624                USBD_FS_InterfaceStrDescriptor
 .text.Get_SerialNum
                0x0000000008006660       0x58 ./USB_DEVICE/App/usbd_desc.o
 .text.IntToUnicode
                0x00000000080066b8       0x7e ./USB_DEVICE/App/usbd_desc.o
 *fill*         0x0000000008006736        0x2 
 .text.HAL_PCD_MspInit
                0x0000000008006738       0xa8 ./USB_DEVICE/Target/usbd_conf.o
                0x0000000008006738                HAL_PCD_MspInit
 .text.HAL_PCD_SetupStageCallback
                0x00000000080067e0       0x24 ./USB_DEVICE/Target/usbd_conf.o
                0x00000000080067e0                HAL_PCD_SetupStageCallback
 .text.HAL_PCD_DataOutStageCallback
                0x0000000008006804       0x36 ./USB_DEVICE/Target/usbd_conf.o
                0x0000000008006804                HAL_PCD_DataOutStageCallback
 .text.HAL_PCD_DataInStageCallback
                0x000000000800683a       0x34 ./USB_DEVICE/Target/usbd_conf.o
                0x000000000800683a                HAL_PCD_DataInStageCallback
 .text.HAL_PCD_SOFCallback
                0x000000000800686e       0x1c ./USB_DEVICE/Target/usbd_conf.o
                0x000000000800686e                HAL_PCD_SOFCallback
 .text.HAL_PCD_ResetCallback
                0x000000000800688a       0x3c ./USB_DEVICE/Target/usbd_conf.o
                0x000000000800688a                HAL_PCD_ResetCallback
 *fill*         0x00000000080068c6        0x2 
 .text.HAL_PCD_SuspendCallback
                0x00000000080068c8       0x4c ./USB_DEVICE/Target/usbd_conf.o
                0x00000000080068c8                HAL_PCD_SuspendCallback
 .text.HAL_PCD_ResumeCallback
                0x0000000008006914       0x1c ./USB_DEVICE/Target/usbd_conf.o
                0x0000000008006914                HAL_PCD_ResumeCallback
 .text.HAL_PCD_ISOOUTIncompleteCallback
                0x0000000008006930       0x24 ./USB_DEVICE/Target/usbd_conf.o
                0x0000000008006930                HAL_PCD_ISOOUTIncompleteCallback
 .text.HAL_PCD_ISOINIncompleteCallback
                0x0000000008006954       0x24 ./USB_DEVICE/Target/usbd_conf.o
                0x0000000008006954                HAL_PCD_ISOINIncompleteCallback
 .text.HAL_PCD_ConnectCallback
                0x0000000008006978       0x1c ./USB_DEVICE/Target/usbd_conf.o
                0x0000000008006978                HAL_PCD_ConnectCallback
 .text.HAL_PCD_DisconnectCallback
                0x0000000008006994       0x1c ./USB_DEVICE/Target/usbd_conf.o
                0x0000000008006994                HAL_PCD_DisconnectCallback
 .text.USBD_LL_Init
                0x00000000080069b0       0x98 ./USB_DEVICE/Target/usbd_conf.o
                0x00000000080069b0                USBD_LL_Init
 .text.USBD_LL_Start
                0x0000000008006a48       0x36 ./USB_DEVICE/Target/usbd_conf.o
                0x0000000008006a48                USBD_LL_Start
 .text.USBD_LL_OpenEP
                0x0000000008006a7e       0x4c ./USB_DEVICE/Target/usbd_conf.o
                0x0000000008006a7e                USBD_LL_OpenEP
 .text.USBD_LL_CloseEP
                0x0000000008006aca       0x3e ./USB_DEVICE/Target/usbd_conf.o
                0x0000000008006aca                USBD_LL_CloseEP
 .text.USBD_LL_StallEP
                0x0000000008006b08       0x3e ./USB_DEVICE/Target/usbd_conf.o
                0x0000000008006b08                USBD_LL_StallEP
 .text.USBD_LL_ClearStallEP
                0x0000000008006b46       0x3e ./USB_DEVICE/Target/usbd_conf.o
                0x0000000008006b46                USBD_LL_ClearStallEP
 .text.USBD_LL_IsStallEP
                0x0000000008006b84       0x58 ./USB_DEVICE/Target/usbd_conf.o
                0x0000000008006b84                USBD_LL_IsStallEP
 .text.USBD_LL_SetUSBAddress
                0x0000000008006bdc       0x3e ./USB_DEVICE/Target/usbd_conf.o
                0x0000000008006bdc                USBD_LL_SetUSBAddress
 .text.USBD_LL_Transmit
                0x0000000008006c1a       0x42 ./USB_DEVICE/Target/usbd_conf.o
                0x0000000008006c1a                USBD_LL_Transmit
 .text.USBD_LL_PrepareReceive
                0x0000000008006c5c       0x42 ./USB_DEVICE/Target/usbd_conf.o
                0x0000000008006c5c                USBD_LL_PrepareReceive
 .text.USBD_LL_GetRxDataSize
                0x0000000008006c9e       0x26 ./USB_DEVICE/Target/usbd_conf.o
                0x0000000008006c9e                USBD_LL_GetRxDataSize
 .text.USBD_static_malloc
                0x0000000008006cc4       0x1c ./USB_DEVICE/Target/usbd_conf.o
                0x0000000008006cc4                USBD_static_malloc
 .text.USBD_static_free
                0x0000000008006ce0       0x14 ./USB_DEVICE/Target/usbd_conf.o
                0x0000000008006ce0                USBD_static_free
 .text.USBD_Get_USB_Status
                0x0000000008006cf4       0x58 ./USB_DEVICE/Target/usbd_conf.o
                0x0000000008006cf4                USBD_Get_USB_Status
 .text.memset   0x0000000008006d4c       0x10 C:/ST/STM32CubeIDE_1.13.2/STM32CubeIDE/plugins/com.st.stm32cube.ide.mcu.externaltools.gnu-tools-for-stm32.11.3.rel1.win32_1.1.1.202309131626/tools/bin/../lib/gcc/arm-none-eabi/11.3.1/../../../../arm-none-eabi/lib/thumb/v7e-m+fp/hard\libc_nano.a(libc_a-memset.o)
                0x0000000008006d4c                memset
 .text.__libc_init_array
                0x0000000008006d5c       0x48 C:/ST/STM32CubeIDE_1.13.2/STM32CubeIDE/plugins/com.st.stm32cube.ide.mcu.externaltools.gnu-tools-for-stm32.11.3.rel1.win32_1.1.1.202309131626/tools/bin/../lib/gcc/arm-none-eabi/11.3.1/../../../../arm-none-eabi/lib/thumb/v7e-m+fp/hard\libc_nano.a(libc_a-init.o)
                0x0000000008006d5c                __libc_init_array
 *(.glue_7)
 .glue_7        0x0000000008006da4        0x0 linker stubs
 *(.glue_7t)
 .glue_7t       0x0000000008006da4        0x0 linker stubs
 *(.eh_frame)
 .eh_frame      0x0000000008006da4        0x0 C:/ST/STM32CubeIDE_1.13.2/STM32CubeIDE/plugins/com.st.stm32cube.ide.mcu.externaltools.gnu-tools-for-stm32.11.3.rel1.win32_1.1.1.202309131626/tools/bin/../lib/gcc/arm-none-eabi/11.3.1/thumb/v7e-m+fp/hard/crtbegin.o
 *(.init)
 .init          0x0000000008006da4        0x4 C:/ST/STM32CubeIDE_1.13.2/STM32CubeIDE/plugins/com.st.stm32cube.ide.mcu.externaltools.gnu-tools-for-stm32.11.3.rel1.win32_1.1.1.202309131626/tools/bin/../lib/gcc/arm-none-eabi/11.3.1/thumb/v7e-m+fp/hard/crti.o
                0x0000000008006da4                _init
 .init          0x0000000008006da8        0x8 C:/ST/STM32CubeIDE_1.13.2/STM32CubeIDE/plugins/com.st.stm32cube.ide.mcu.externaltools.gnu-tools-for-stm32.11.3.rel1.win32_1.1.1.202309131626/tools/bin/../lib/gcc/arm-none-eabi/11.3.1/thumb/v7e-m+fp/hard/crtn.o
 *(.fini)
 .fini          0x0000000008006db0        0x4 C:/ST/STM32CubeIDE_1.13.2/STM32CubeIDE/plugins/com.st.stm32cube.ide.mcu.externaltools.gnu-tools-for-stm32.11.3.rel1.win32_1.1.1.202309131626/tools/bin/../lib/gcc/arm-none-eabi/11.3.1/thumb/v7e-m+fp/hard/crti.o
                0x0000000008006db0                _fini
 .fini          0x0000000008006db4        0x8 C:/ST/STM32CubeIDE_1.13.2/STM32CubeIDE/plugins/com.st.stm32cube.ide.mcu.externaltools.gnu-tools-for-stm32.11.3.rel1.win32_1.1.1.202309131626/tools/bin/../lib/gcc/arm-none-eabi/11.3.1/thumb/v7e-m+fp/hard/crtn.o
                0x0000000008006dbc                . = ALIGN (0x4)
                0x0000000008006dbc                _etext = .

.vfp11_veneer   0x0000000008006dbc        0x0
 .vfp11_veneer  0x0000000008006dbc        0x0 linker stubs

.v4_bx          0x0000000008006dbc        0x0
 .v4_bx         0x0000000008006dbc        0x0 linker stubs

.iplt           0x0000000008006dbc        0x0
 .iplt          0x0000000008006dbc        0x0 C:/ST/STM32CubeIDE_1.13.2/STM32CubeIDE/plugins/com.st.stm32cube.ide.mcu.externaltools.gnu-tools-for-stm32.11.3.rel1.win32_1.1.1.202309131626/tools/bin/../lib/gcc/arm-none-eabi/11.3.1/thumb/v7e-m+fp/hard/crtbegin.o

.rodata         0x0000000008006dbc       0x4c
                0x0000000008006dbc                . = ALIGN (0x4)
 *(.rodata)
 .rodata        0x0000000008006dbc       0x3a ./USB_DEVICE/App/usbd_desc.o
 *(.rodata*)
 *fill*         0x0000000008006df6        0x2 
 .rodata.AHBPrescTable
                0x0000000008006df8       0x10 ./Core/Src/system_stm32f4xx.o
                0x0000000008006df8                AHBPrescTable
                0x0000000008006e08                . = ALIGN (0x4)

.ARM.extab      0x0000000008006e08        0x0
                0x0000000008006e08                . = ALIGN (0x4)
 *(.ARM.extab* .gnu.linkonce.armextab.*)
                0x0000000008006e08                . = ALIGN (0x4)

.ARM            0x0000000008006e08        0x8
                0x0000000008006e08                . = ALIGN (0x4)
                0x0000000008006e08                __exidx_start = .
 *(.ARM.exidx*)
 .ARM.exidx     0x0000000008006e08        0x8 C:/ST/STM32CubeIDE_1.13.2/STM32CubeIDE/plugins/com.st.stm32cube.ide.mcu.externaltools.gnu-tools-for-stm32.11.3.rel1.win32_1.1.1.202309131626/tools/bin/../lib/gcc/arm-none-eabi/11.3.1/thumb/v7e-m+fp/hard\libgcc.a(_udivmoddi4.o)
                0x0000000008006e10                __exidx_end = .
                0x0000000008006e10                . = ALIGN (0x4)

.rel.dyn        0x0000000008006e10        0x0
 .rel.iplt      0x0000000008006e10        0x0 C:/ST/STM32CubeIDE_1.13.2/STM32CubeIDE/plugins/com.st.stm32cube.ide.mcu.externaltools.gnu-tools-for-stm32.11.3.rel1.win32_1.1.1.202309131626/tools/bin/../lib/gcc/arm-none-eabi/11.3.1/thumb/v7e-m+fp/hard/crtbegin.o

.preinit_array  0x0000000008006e10        0x0
                0x0000000008006e10                . = ALIGN (0x4)
                0x0000000008006e10                PROVIDE (__preinit_array_start = .)
 *(.preinit_array*)
                0x0000000008006e10                PROVIDE (__preinit_array_end = .)
                0x0000000008006e10                . = ALIGN (0x4)

.init_array     0x0000000008006e10        0x4
                0x0000000008006e10                . = ALIGN (0x4)
                0x0000000008006e10                PROVIDE (__init_array_start = .)
 *(SORT_BY_NAME(.init_array.*))
 *(.init_array*)
 .init_array    0x0000000008006e10        0x4 C:/ST/STM32CubeIDE_1.13.2/STM32CubeIDE/plugins/com.st.stm32cube.ide.mcu.externaltools.gnu-tools-for-stm32.11.3.rel1.win32_1.1.1.202309131626/tools/bin/../lib/gcc/arm-none-eabi/11.3.1/thumb/v7e-m+fp/hard/crtbegin.o
                0x0000000008006e14                PROVIDE (__init_array_end = .)
                0x0000000008006e14                . = ALIGN (0x4)

.fini_array     0x0000000008006e14        0x4
                0x0000000008006e14                . = ALIGN (0x4)
                [!provide]                        PROVIDE (__fini_array_start = .)
 *(SORT_BY_NAME(.fini_array.*))
 *(.fini_array*)
 .fini_array    0x0000000008006e14        0x4 C:/ST/STM32CubeIDE_1.13.2/STM32CubeIDE/plugins/com.st.stm32cube.ide.mcu.externaltools.gnu-tools-for-stm32.11.3.rel1.win32_1.1.1.202309131626/tools/bin/../lib/gcc/arm-none-eabi/11.3.1/thumb/v7e-m+fp/hard/crtbegin.o
                [!provide]                        PROVIDE (__fini_array_end = .)
                0x0000000008006e18                . = ALIGN (0x4)
                0x0000000008006e18                _sidata = LOADADDR (.data)

.data           0x0000000020000000       0xfc load address 0x0000000008006e18
                0x0000000020000000                . = ALIGN (0x4)
                0x0000000020000000                _sdata = .
 *(.data)
 *(.data*)
 .data.SystemCoreClock
                0x0000000020000000        0x4 ./Core/Src/system_stm32f4xx.o
                0x0000000020000000                SystemCoreClock
 .data.uwTickPrio
                0x0000000020000004        0x4 ./Drivers/STM32F4xx_HAL_Driver/Src/stm32f4xx_hal.o
                0x0000000020000004                uwTickPrio
 .data.uwTickFreq
                0x0000000020000008        0x1 ./Drivers/STM32F4xx_HAL_Driver/Src/stm32f4xx_hal.o
                0x0000000020000008                uwTickFreq
 *fill*         0x0000000020000009        0x3 
 .data.USBD_CDC_DeviceQualifierDesc
                0x000000002000000c        0xa ./Middlewares/ST/STM32_USB_Device_Library/Class/CDC/Src/usbd_cdc.o
 *fill*         0x0000000020000016        0x2 
 .data.USBD_CDC
                0x0000000020000018       0x38 ./Middlewares/ST/STM32_USB_Device_Library/Class/CDC/Src/usbd_cdc.o
                0x0000000020000018                USBD_CDC
 .data.USBD_CDC_CfgDesc
                0x0000000020000050       0x43 ./Middlewares/ST/STM32_USB_Device_Library/Class/CDC/Src/usbd_cdc.o
 .data.CDCInEpAdd
                0x0000000020000093        0x1 ./Middlewares/ST/STM32_USB_Device_Library/Class/CDC/Src/usbd_cdc.o
 .data.CDCOutEpAdd
                0x0000000020000094        0x1 ./Middlewares/ST/STM32_USB_Device_Library/Class/CDC/Src/usbd_cdc.o
 .data.CDCCmdEpAdd
                0x0000000020000095        0x1 ./Middlewares/ST/STM32_USB_Device_Library/Class/CDC/Src/usbd_cdc.o
 *fill*         0x0000000020000096        0x2 
 .data.USBD_Interface_fops_FS
                0x0000000020000098       0x14 ./USB_DEVICE/App/usbd_cdc_if.o
                0x0000000020000098                USBD_Interface_fops_FS
 .data.FS_Desc  0x00000000200000ac       0x1c ./USB_DEVICE/App/usbd_desc.o
                0x00000000200000ac                FS_Desc
 .data.USBD_FS_DeviceDesc
                0x00000000200000c8       0x12 ./USB_DEVICE/App/usbd_desc.o
                0x00000000200000c8                USBD_FS_DeviceDesc
 *fill*         0x00000000200000da        0x2 
 .data.USBD_LangIDDesc
                0x00000000200000dc        0x4 ./USB_DEVICE/App/usbd_desc.o
                0x00000000200000dc                USBD_LangIDDesc
 .data.USBD_StringSerial
                0x00000000200000e0       0x1a ./USB_DEVICE/App/usbd_desc.o
                0x00000000200000e0                USBD_StringSerial
 *(.RamFunc)
 *(.RamFunc*)
                0x00000000200000fc                . = ALIGN (0x4)
 *fill*         0x00000000200000fa        0x2 
                0x00000000200000fc                _edata = .

.igot.plt       0x00000000200000fc        0x0 load address 0x0000000008006f14
 .igot.plt      0x00000000200000fc        0x0 C:/ST/STM32CubeIDE_1.13.2/STM32CubeIDE/plugins/com.st.stm32cube.ide.mcu.externaltools.gnu-tools-for-stm32.11.3.rel1.win32_1.1.1.202309131626/tools/bin/../lib/gcc/arm-none-eabi/11.3.1/thumb/v7e-m+fp/hard/crtbegin.o
                0x00000000200000fc                . = ALIGN (0x4)

.bss            0x00000000200000fc     0x142c load address 0x0000000008006f14
                0x00000000200000fc                _sbss = .
                0x00000000200000fc                __bss_start__ = _sbss
 *(.bss)
 .bss           0x00000000200000fc       0x1c C:/ST/STM32CubeIDE_1.13.2/STM32CubeIDE/plugins/com.st.stm32cube.ide.mcu.externaltools.gnu-tools-for-stm32.11.3.rel1.win32_1.1.1.202309131626/tools/bin/../lib/gcc/arm-none-eabi/11.3.1/thumb/v7e-m+fp/hard/crtbegin.o
 *(.bss*)
 .bss.uwTick    0x0000000020000118        0x4 ./Drivers/STM32F4xx_HAL_Driver/Src/stm32f4xx_hal.o
                0x0000000020000118                uwTick
 .bss.cfgidx.0  0x000000002000011c        0x1 ./Middlewares/ST/STM32_USB_Device_Library/Core/Src/usbd_ctlreq.o
 *fill*         0x000000002000011d        0x3 
 .bss.hUsbDeviceFS
                0x0000000020000120      0x2dc ./USB_DEVICE/App/usb_device.o
                0x0000000020000120                hUsbDeviceFS
 .bss.UserRxBufferFS
                0x00000000200003fc      0x400 ./USB_DEVICE/App/usbd_cdc_if.o
                0x00000000200003fc                UserRxBufferFS
 .bss.UserTxBufferFS
                0x00000000200007fc      0x400 ./USB_DEVICE/App/usbd_cdc_if.o
                0x00000000200007fc                UserTxBufferFS
 .bss.USBD_StrDesc
                0x0000000020000bfc      0x200 ./USB_DEVICE/App/usbd_desc.o
                0x0000000020000bfc                USBD_StrDesc
 .bss.hpcd_USB_OTG_FS
                0x0000000020000dfc      0x50c ./USB_DEVICE/Target/usbd_conf.o
                0x0000000020000dfc                hpcd_USB_OTG_FS
 .bss.mem.0     0x0000000020001308      0x220 ./USB_DEVICE/Target/usbd_conf.o
 *(COMMON)
                0x0000000020001528                . = ALIGN (0x4)
                0x0000000020001528                _ebss = .
                0x0000000020001528                __bss_end__ = _ebss

._user_heap_stack
                0x0000000020001528      0xa00 load address 0x0000000008006f14
                0x0000000020001528                . = ALIGN (0x8)
                [!provide]                        PROVIDE (end = .)
                0x0000000020001528                PROVIDE (_end = .)
                0x0000000020001b28                . = (. + _Min_Heap_Size)
 *fill*         0x0000000020001528      0x600 
                0x0000000020001f28                . = (. + _Min_Stack_Size)
 *fill*         0x0000000020001b28      0x400 
                0x0000000020001f28                . = ALIGN (0x8)

/DISCARD/
 libc.a(*)
 libm.a(*)
 libgcc.a(*)

.ARM.attributes
                0x0000000000000000       0x30
 *(.ARM.attributes)
 .ARM.attributes
                0x0000000000000000       0x1e C:/ST/STM32CubeIDE_1.13.2/STM32CubeIDE/plugins/com.st.stm32cube.ide.mcu.externaltools.gnu-tools-for-stm32.11.3.rel1.win32_1.1.1.202309131626/tools/bin/../lib/gcc/arm-none-eabi/11.3.1/thumb/v7e-m+fp/hard/crti.o
 .ARM.attributes
                0x000000000000001e       0x34 C:/ST/STM32CubeIDE_1.13.2/STM32CubeIDE/plugins/com.st.stm32cube.ide.mcu.externaltools.gnu-tools-for-stm32.11.3.rel1.win32_1.1.1.202309131626/tools/bin/../lib/gcc/arm-none-eabi/11.3.1/thumb/v7e-m+fp/hard/crtbegin.o
 .ARM.attributes
                0x0000000000000052       0x34 ./Core/Src/main.o
 .ARM.attributes
                0x0000000000000086       0x34 ./Core/Src/stm32f4xx_hal_msp.o
 .ARM.attributes
                0x00000000000000ba       0x34 ./Core/Src/stm32f4xx_it.o
 .ARM.attributes
                0x00000000000000ee       0x34 ./Core/Src/system_stm32f4xx.o
 .ARM.attributes
                0x0000000000000122       0x21 ./Core/Startup/startup_stm32f401rctx.o
 .ARM.attributes
                0x0000000000000143       0x34 ./Drivers/STM32F4xx_HAL_Driver/Src/stm32f4xx_hal.o
 .ARM.attributes
                0x0000000000000177       0x34 ./Drivers/STM32F4xx_HAL_Driver/Src/stm32f4xx_hal_cortex.o
 .ARM.attributes
                0x00000000000001ab       0x34 ./Drivers/STM32F4xx_HAL_Driver/Src/stm32f4xx_hal_gpio.o
 .ARM.attributes
                0x00000000000001df       0x34 ./Drivers/STM32F4xx_HAL_Driver/Src/stm32f4xx_hal_pcd.o
 .ARM.attributes
                0x0000000000000213       0x34 ./Drivers/STM32F4xx_HAL_Driver/Src/stm32f4xx_hal_pcd_ex.o
 .ARM.attributes
                0x0000000000000247       0x34 ./Drivers/STM32F4xx_HAL_Driver/Src/stm32f4xx_hal_rcc.o
 .ARM.attributes
                0x000000000000027b       0x34 ./Drivers/STM32F4xx_HAL_Driver/Src/stm32f4xx_ll_usb.o
 .ARM.attributes
                0x00000000000002af       0x34 ./Middlewares/ST/STM32_USB_Device_Library/Class/CDC/Src/usbd_cdc.o
 .ARM.attributes
                0x00000000000002e3       0x34 ./Middlewares/ST/STM32_USB_Device_Library/Core/Src/usbd_core.o
 .ARM.attributes
                0x0000000000000317       0x34 ./Middlewares/ST/STM32_USB_Device_Library/Core/Src/usbd_ctlreq.o
 .ARM.attributes
                0x000000000000034b       0x34 ./Middlewares/ST/STM32_USB_Device_Library/Core/Src/usbd_ioreq.o
 .ARM.attributes
                0x000000000000037f       0x34 ./USB_DEVICE/App/usb_device.o
 .ARM.attributes
                0x00000000000003b3       0x34 ./USB_DEVICE/App/usbd_cdc_if.o
 .ARM.attributes
                0x00000000000003e7       0x34 ./USB_DEVICE/App/usbd_desc.o
 .ARM.attributes
                0x000000000000041b       0x34 ./USB_DEVICE/Target/usbd_conf.o
 .ARM.attributes
                0x000000000000044f       0x34 C:/ST/STM32CubeIDE_1.13.2/STM32CubeIDE/plugins/com.st.stm32cube.ide.mcu.externaltools.gnu-tools-for-stm32.11.3.rel1.win32_1.1.1.202309131626/tools/bin/../lib/gcc/arm-none-eabi/11.3.1/../../../../arm-none-eabi/lib/thumb/v7e-m+fp/hard\libc_nano.a(libc_a-memset.o)
 .ARM.attributes
                0x0000000000000483       0x34 C:/ST/STM32CubeIDE_1.13.2/STM32CubeIDE/plugins/com.st.stm32cube.ide.mcu.externaltools.gnu-tools-for-stm32.11.3.rel1.win32_1.1.1.202309131626/tools/bin/../lib/gcc/arm-none-eabi/11.3.1/../../../../arm-none-eabi/lib/thumb/v7e-m+fp/hard\libc_nano.a(libc_a-init.o)
 .ARM.attributes
                0x00000000000004b7       0x1e C:/ST/STM32CubeIDE_1.13.2/STM32CubeIDE/plugins/com.st.stm32cube.ide.mcu.externaltools.gnu-tools-for-stm32.11.3.rel1.win32_1.1.1.202309131626/tools/bin/../lib/gcc/arm-none-eabi/11.3.1/thumb/v7e-m+fp/hard\libgcc.a(_aeabi_uldivmod.o)
 .ARM.attributes
                0x00000000000004d5       0x34 C:/ST/STM32CubeIDE_1.13.2/STM32CubeIDE/plugins/com.st.stm32cube.ide.mcu.externaltools.gnu-tools-for-stm32.11.3.rel1.win32_1.1.1.202309131626/tools/bin/../lib/gcc/arm-none-eabi/11.3.1/thumb/v7e-m+fp/hard\libgcc.a(_udivmoddi4.o)
 .ARM.attributes
                0x0000000000000509       0x1e C:/ST/STM32CubeIDE_1.13.2/STM32CubeIDE/plugins/com.st.stm32cube.ide.mcu.externaltools.gnu-tools-for-stm32.11.3.rel1.win32_1.1.1.202309131626/tools/bin/../lib/gcc/arm-none-eabi/11.3.1/thumb/v7e-m+fp/hard\libgcc.a(_dvmd_tls.o)
 .ARM.attributes
                0x0000000000000527       0x1e C:/ST/STM32CubeIDE_1.13.2/STM32CubeIDE/plugins/com.st.stm32cube.ide.mcu.externaltools.gnu-tools-for-stm32.11.3.rel1.win32_1.1.1.202309131626/tools/bin/../lib/gcc/arm-none-eabi/11.3.1/thumb/v7e-m+fp/hard/crtn.o
OUTPUT(Test.elf elf32-littlearm)
LOAD linker stubs
LOAD C:/ST/STM32CubeIDE_1.13.2/STM32CubeIDE/plugins/com.st.stm32cube.ide.mcu.externaltools.gnu-tools-for-stm32.11.3.rel1.win32_1.1.1.202309131626/tools/bin/../lib/gcc/arm-none-eabi/11.3.1/../../../../arm-none-eabi/lib/thumb/v7e-m+fp/hard\libc.a
LOAD C:/ST/STM32CubeIDE_1.13.2/STM32CubeIDE/plugins/com.st.stm32cube.ide.mcu.externaltools.gnu-tools-for-stm32.11.3.rel1.win32_1.1.1.202309131626/tools/bin/../lib/gcc/arm-none-eabi/11.3.1/../../../../arm-none-eabi/lib/thumb/v7e-m+fp/hard\libm.a
LOAD C:/ST/STM32CubeIDE_1.13.2/STM32CubeIDE/plugins/com.st.stm32cube.ide.mcu.externaltools.gnu-tools-for-stm32.11.3.rel1.win32_1.1.1.202309131626/tools/bin/../lib/gcc/arm-none-eabi/11.3.1/thumb/v7e-m+fp/hard\libgcc.a

.comment        0x0000000000000000       0x43
 .comment       0x0000000000000000       0x43 C:/ST/STM32CubeIDE_1.13.2/STM32CubeIDE/plugins/com.st.stm32cube.ide.mcu.externaltools.gnu-tools-for-stm32.11.3.rel1.win32_1.1.1.202309131626/tools/bin/../lib/gcc/arm-none-eabi/11.3.1/thumb/v7e-m+fp/hard/crtbegin.o
                                         0x44 (size before relaxing)
 .comment       0x0000000000000043       0x44 ./Core/Src/main.o
 .comment       0x0000000000000043       0x44 ./Core/Src/stm32f4xx_hal_msp.o
 .comment       0x0000000000000043       0x44 ./Core/Src/stm32f4xx_it.o
 .comment       0x0000000000000043       0x44 ./Core/Src/system_stm32f4xx.o
 .comment       0x0000000000000043       0x44 ./Drivers/STM32F4xx_HAL_Driver/Src/stm32f4xx_hal.o
 .comment       0x0000000000000043       0x44 ./Drivers/STM32F4xx_HAL_Driver/Src/stm32f4xx_hal_cortex.o
 .comment       0x0000000000000043       0x44 ./Drivers/STM32F4xx_HAL_Driver/Src/stm32f4xx_hal_gpio.o
 .comment       0x0000000000000043       0x44 ./Drivers/STM32F4xx_HAL_Driver/Src/stm32f4xx_hal_pcd.o
 .comment       0x0000000000000043       0x44 ./Drivers/STM32F4xx_HAL_Driver/Src/stm32f4xx_hal_pcd_ex.o
 .comment       0x0000000000000043       0x44 ./Drivers/STM32F4xx_HAL_Driver/Src/stm32f4xx_hal_rcc.o
 .comment       0x0000000000000043       0x44 ./Drivers/STM32F4xx_HAL_Driver/Src/stm32f4xx_ll_usb.o
 .comment       0x0000000000000043       0x44 ./Middlewares/ST/STM32_USB_Device_Library/Class/CDC/Src/usbd_cdc.o
 .comment       0x0000000000000043       0x44 ./Middlewares/ST/STM32_USB_Device_Library/Core/Src/usbd_core.o
 .comment       0x0000000000000043       0x44 ./Middlewares/ST/STM32_USB_Device_Library/Core/Src/usbd_ctlreq.o
 .comment       0x0000000000000043       0x44 ./Middlewares/ST/STM32_USB_Device_Library/Core/Src/usbd_ioreq.o
 .comment       0x0000000000000043       0x44 ./USB_DEVICE/App/usb_device.o
 .comment       0x0000000000000043       0x44 ./USB_DEVICE/App/usbd_cdc_if.o
 .comment       0x0000000000000043       0x44 ./USB_DEVICE/App/usbd_desc.o
 .comment       0x0000000000000043       0x44 ./USB_DEVICE/Target/usbd_conf.o

.debug_info     0x0000000000000000     0xd279
 .debug_info    0x0000000000000000      0x71d ./Core/Src/main.o
 .debug_info    0x000000000000071d      0x291 ./Core/Src/stm32f4xx_hal_msp.o
 .debug_info    0x00000000000009ae      0x60f ./Core/Src/stm32f4xx_it.o
 .debug_info    0x0000000000000fbd      0x53e ./Core/Src/system_stm32f4xx.o
 .debug_info    0x00000000000014fb       0x23 ./Core/Startup/startup_stm32f401rctx.o
 .debug_info    0x000000000000151e      0x8bb ./Drivers/STM32F4xx_HAL_Driver/Src/stm32f4xx_hal.o
 .debug_info    0x0000000000001dd9      0xcb0 ./Drivers/STM32F4xx_HAL_Driver/Src/stm32f4xx_hal_cortex.o
 .debug_info    0x0000000000002a89      0x6f9 ./Drivers/STM32F4xx_HAL_Driver/Src/stm32f4xx_hal_gpio.o
 .debug_info    0x0000000000003182     0x1549 ./Drivers/STM32F4xx_HAL_Driver/Src/stm32f4xx_hal_pcd.o
 .debug_info    0x00000000000046cb      0x6d2 ./Drivers/STM32F4xx_HAL_Driver/Src/stm32f4xx_hal_pcd_ex.o
 .debug_info    0x0000000000004d9d      0x8f3 ./Drivers/STM32F4xx_HAL_Driver/Src/stm32f4xx_hal_rcc.o
 .debug_info    0x0000000000005690     0x18f6 ./Drivers/STM32F4xx_HAL_Driver/Src/stm32f4xx_ll_usb.o
 .debug_info    0x0000000000006f86     0x128b ./Middlewares/ST/STM32_USB_Device_Library/Class/CDC/Src/usbd_cdc.o
 .debug_info    0x0000000000008211      0xe05 ./Middlewares/ST/STM32_USB_Device_Library/Core/Src/usbd_core.o
 .debug_info    0x0000000000009016      0xade ./Middlewares/ST/STM32_USB_Device_Library/Core/Src/usbd_ctlreq.o
 .debug_info    0x0000000000009af4      0x755 ./Middlewares/ST/STM32_USB_Device_Library/Core/Src/usbd_ioreq.o
 .debug_info    0x000000000000a249      0x701 ./USB_DEVICE/App/usb_device.o
 .debug_info    0x000000000000a94a      0x8fa ./USB_DEVICE/App/usbd_cdc_if.o
 .debug_info    0x000000000000b244      0x458 ./USB_DEVICE/App/usbd_desc.o
 .debug_info    0x000000000000b69c     0x1bdd ./USB_DEVICE/Target/usbd_conf.o

.debug_abbrev   0x0000000000000000     0x29db
 .debug_abbrev  0x0000000000000000      0x23d ./Core/Src/main.o
 .debug_abbrev  0x000000000000023d       0xd8 ./Core/Src/stm32f4xx_hal_msp.o
 .debug_abbrev  0x0000000000000315      0x1a4 ./Core/Src/stm32f4xx_it.o
 .debug_abbrev  0x00000000000004b9      0x11a ./Core/Src/system_stm32f4xx.o
 .debug_abbrev  0x00000000000005d3       0x12 ./Core/Startup/startup_stm32f401rctx.o
 .debug_abbrev  0x00000000000005e5      0x24b ./Drivers/STM32F4xx_HAL_Driver/Src/stm32f4xx_hal.o
 .debug_abbrev  0x0000000000000830      0x327 ./Drivers/STM32F4xx_HAL_Driver/Src/stm32f4xx_hal_cortex.o
 .debug_abbrev  0x0000000000000b57      0x1d3 ./Drivers/STM32F4xx_HAL_Driver/Src/stm32f4xx_hal_gpio.o
 .debug_abbrev  0x0000000000000d2a      0x2cd ./Drivers/STM32F4xx_HAL_Driver/Src/stm32f4xx_hal_pcd.o
 .debug_abbrev  0x0000000000000ff7      0x1da ./Drivers/STM32F4xx_HAL_Driver/Src/stm32f4xx_hal_pcd_ex.o
 .debug_abbrev  0x00000000000011d1      0x2b5 ./Drivers/STM32F4xx_HAL_Driver/Src/stm32f4xx_hal_rcc.o
 .debug_abbrev  0x0000000000001486      0x2ac ./Drivers/STM32F4xx_HAL_Driver/Src/stm32f4xx_ll_usb.o
 .debug_abbrev  0x0000000000001732      0x2d2 ./Middlewares/ST/STM32_USB_Device_Library/Class/CDC/Src/usbd_cdc.o
 .debug_abbrev  0x0000000000001a04      0x27c ./Middlewares/ST/STM32_USB_Device_Library/Core/Src/usbd_core.o
 .debug_abbrev  0x0000000000001c80      0x26f ./Middlewares/ST/STM32_USB_Device_Library/Core/Src/usbd_ctlreq.o
 .debug_abbrev  0x0000000000001eef      0x19a ./Middlewares/ST/STM32_USB_Device_Library/Core/Src/usbd_ioreq.o
 .debug_abbrev  0x0000000000002089      0x195 ./USB_DEVICE/App/usb_device.o
 .debug_abbrev  0x000000000000221e      0x29d ./USB_DEVICE/App/usbd_cdc_if.o
 .debug_abbrev  0x00000000000024bb      0x1e1 ./USB_DEVICE/App/usbd_desc.o
 .debug_abbrev  0x000000000000269c      0x33f ./USB_DEVICE/Target/usbd_conf.o

.debug_aranges  0x0000000000000000      0xb38
 .debug_aranges
                0x0000000000000000       0x38 ./Core/Src/main.o
 .debug_aranges
                0x0000000000000038       0x20 ./Core/Src/stm32f4xx_hal_msp.o
 .debug_aranges
                0x0000000000000058       0x68 ./Core/Src/stm32f4xx_it.o
 .debug_aranges
                0x00000000000000c0       0x28 ./Core/Src/system_stm32f4xx.o
 .debug_aranges
                0x00000000000000e8       0x28 ./Core/Startup/startup_stm32f401rctx.o
 .debug_aranges
                0x0000000000000110       0xf0 ./Drivers/STM32F4xx_HAL_Driver/Src/stm32f4xx_hal.o
 .debug_aranges
                0x0000000000000200      0x118 ./Drivers/STM32F4xx_HAL_Driver/Src/stm32f4xx_hal_cortex.o
 .debug_aranges
                0x0000000000000318       0x58 ./Drivers/STM32F4xx_HAL_Driver/Src/stm32f4xx_hal_gpio.o
 .debug_aranges
                0x0000000000000370      0x148 ./Drivers/STM32F4xx_HAL_Driver/Src/stm32f4xx_hal_pcd.o
 .debug_aranges
                0x00000000000004b8       0x38 ./Drivers/STM32F4xx_HAL_Driver/Src/stm32f4xx_hal_pcd_ex.o
 .debug_aranges
                0x00000000000004f0       0x88 ./Drivers/STM32F4xx_HAL_Driver/Src/stm32f4xx_hal_rcc.o
 .debug_aranges
                0x0000000000000578      0x1a0 ./Drivers/STM32F4xx_HAL_Driver/Src/stm32f4xx_ll_usb.o
 .debug_aranges
                0x0000000000000718       0x90 ./Middlewares/ST/STM32_USB_Device_Library/Class/CDC/Src/usbd_cdc.o
 .debug_aranges
                0x00000000000007a8       0xd8 ./Middlewares/ST/STM32_USB_Device_Library/Core/Src/usbd_core.o
 .debug_aranges
                0x0000000000000880       0x90 ./Middlewares/ST/STM32_USB_Device_Library/Core/Src/usbd_ctlreq.o
 .debug_aranges
                0x0000000000000910       0x50 ./Middlewares/ST/STM32_USB_Device_Library/Core/Src/usbd_ioreq.o
 .debug_aranges
                0x0000000000000960       0x20 ./USB_DEVICE/App/usb_device.o
 .debug_aranges
                0x0000000000000980       0x48 ./USB_DEVICE/App/usbd_cdc_if.o
 .debug_aranges
                0x00000000000009c8       0x60 ./USB_DEVICE/App/usbd_desc.o
 .debug_aranges
                0x0000000000000a28      0x110 ./USB_DEVICE/Target/usbd_conf.o

.debug_rnglists
                0x0000000000000000      0x845
 .debug_rnglists
                0x0000000000000000       0x27 ./Core/Src/main.o
 .debug_rnglists
                0x0000000000000027       0x13 ./Core/Src/stm32f4xx_hal_msp.o
 .debug_rnglists
                0x000000000000003a       0x49 ./Core/Src/stm32f4xx_it.o
 .debug_rnglists
                0x0000000000000083       0x1a ./Core/Src/system_stm32f4xx.o
 .debug_rnglists
                0x000000000000009d       0x19 ./Core/Startup/startup_stm32f401rctx.o
 .debug_rnglists
                0x00000000000000b6       0xaf ./Drivers/STM32F4xx_HAL_Driver/Src/stm32f4xx_hal.o
 .debug_rnglists
                0x0000000000000165       0xce ./Drivers/STM32F4xx_HAL_Driver/Src/stm32f4xx_hal_cortex.o
 .debug_rnglists
                0x0000000000000233       0x3f ./Drivers/STM32F4xx_HAL_Driver/Src/stm32f4xx_hal_gpio.o
 .debug_rnglists
                0x0000000000000272       0xfc ./Drivers/STM32F4xx_HAL_Driver/Src/stm32f4xx_hal_pcd.o
 .debug_rnglists
                0x000000000000036e       0x26 ./Drivers/STM32F4xx_HAL_Driver/Src/stm32f4xx_hal_pcd_ex.o
 .debug_rnglists
                0x0000000000000394       0x66 ./Drivers/STM32F4xx_HAL_Driver/Src/stm32f4xx_hal_rcc.o
 .debug_rnglists
                0x00000000000003fa      0x148 ./Drivers/STM32F4xx_HAL_Driver/Src/stm32f4xx_ll_usb.o
 .debug_rnglists
                0x0000000000000542       0x6c ./Middlewares/ST/STM32_USB_Device_Library/Class/CDC/Src/usbd_cdc.o
 .debug_rnglists
                0x00000000000005ae       0xa1 ./Middlewares/ST/STM32_USB_Device_Library/Core/Src/usbd_core.o
 .debug_rnglists
                0x000000000000064f       0x6e ./Middlewares/ST/STM32_USB_Device_Library/Core/Src/usbd_ctlreq.o
 .debug_rnglists
                0x00000000000006bd       0x37 ./Middlewares/ST/STM32_USB_Device_Library/Core/Src/usbd_ioreq.o
 .debug_rnglists
                0x00000000000006f4       0x13 ./USB_DEVICE/App/usb_device.o
 .debug_rnglists
                0x0000000000000707       0x32 ./USB_DEVICE/App/usbd_cdc_if.o
 .debug_rnglists
                0x0000000000000739       0x43 ./USB_DEVICE/App/usbd_desc.o
 .debug_rnglists
                0x000000000000077c       0xc9 ./USB_DEVICE/Target/usbd_conf.o

.debug_macro    0x0000000000000000    0x179fc
 .debug_macro   0x0000000000000000      0x347 ./Core/Src/main.o
 .debug_macro   0x0000000000000347      0xaa8 ./Core/Src/main.o
 .debug_macro   0x0000000000000def      0x295 ./Core/Src/main.o
 .debug_macro   0x0000000000001084       0x2e ./Core/Src/main.o
 .debug_macro   0x00000000000010b2       0x28 ./Core/Src/main.o
 .debug_macro   0x00000000000010da       0x22 ./Core/Src/main.o
 .debug_macro   0x00000000000010fc       0x8e ./Core/Src/main.o
 .debug_macro   0x000000000000118a       0x51 ./Core/Src/main.o
 .debug_macro   0x00000000000011db      0x103 ./Core/Src/main.o
 .debug_macro   0x00000000000012de       0x6a ./Core/Src/main.o
 .debug_macro   0x0000000000001348      0x1df ./Core/Src/main.o
 .debug_macro   0x0000000000001527       0x1c ./Core/Src/main.o
 .debug_macro   0x0000000000001543       0x22 ./Core/Src/main.o
 .debug_macro   0x0000000000001565       0xd9 ./Core/Src/main.o
 .debug_macro   0x000000000000163e     0x102d ./Core/Src/main.o
 .debug_macro   0x000000000000266b      0x11f ./Core/Src/main.o
 .debug_macro   0x000000000000278a     0xb86c ./Core/Src/main.o
 .debug_macro   0x000000000000dff6       0x6d ./Core/Src/main.o
 .debug_macro   0x000000000000e063     0x367e ./Core/Src/main.o
 .debug_macro   0x00000000000116e1      0x174 ./Core/Src/main.o
 .debug_macro   0x0000000000011855       0x5c ./Core/Src/main.o
 .debug_macro   0x00000000000118b1      0x416 ./Core/Src/main.o
 .debug_macro   0x0000000000011cc7      0x9fe ./Core/Src/main.o
 .debug_macro   0x00000000000126c5      0x115 ./Core/Src/main.o
 .debug_macro   0x00000000000127da       0xf8 ./Core/Src/main.o
 .debug_macro   0x00000000000128d2       0xa5 ./Core/Src/main.o
 .debug_macro   0x0000000000012977      0x15f ./Core/Src/main.o
 .debug_macro   0x0000000000012ad6      0x287 ./Core/Src/main.o
 .debug_macro   0x0000000000012d5d       0x5f ./Core/Src/main.o
 .debug_macro   0x0000000000012dbc      0x236 ./Core/Src/main.o
 .debug_macro   0x0000000000012ff2      0x132 ./Core/Src/main.o
 .debug_macro   0x0000000000013124      0x23a ./Core/Src/main.o
 .debug_macro   0x000000000001335e       0x2e ./Core/Src/main.o
 .debug_macro   0x000000000001338c      0x11a ./Core/Src/main.o
 .debug_macro   0x00000000000134a6       0x85 ./Core/Src/main.o
 .debug_macro   0x000000000001352b       0x89 ./Core/Src/main.o
 .debug_macro   0x00000000000135b4      0x248 ./Core/Src/main.o
 .debug_macro   0x00000000000137fc       0xba ./Core/Src/main.o
 .debug_macro   0x00000000000138b6      0x126 ./Core/Src/main.o
 .debug_macro   0x00000000000139dc       0x10 ./Core/Src/main.o
 .debug_macro   0x00000000000139ec       0x61 ./Core/Src/main.o
 .debug_macro   0x0000000000013a4d       0x2a ./Core/Src/main.o
 .debug_macro   0x0000000000013a77       0x43 ./Core/Src/main.o
 .debug_macro   0x0000000000013aba       0x34 ./Core/Src/main.o
 .debug_macro   0x0000000000013aee       0x16 ./Core/Src/main.o
 .debug_macro   0x0000000000013b04       0x35 ./Core/Src/main.o
 .debug_macro   0x0000000000013b39      0x369 ./Core/Src/main.o
 .debug_macro   0x0000000000013ea2       0x10 ./Core/Src/main.o
 .debug_macro   0x0000000000013eb2       0x16 ./Core/Src/main.o
 .debug_macro   0x0000000000013ec8       0x43 ./Core/Src/main.o
 .debug_macro   0x0000000000013f0b       0x34 ./Core/Src/main.o
 .debug_macro   0x0000000000013f3f       0x10 ./Core/Src/main.o
 .debug_macro   0x0000000000013f4f       0x58 ./Core/Src/main.o
 .debug_macro   0x0000000000013fa7       0x8e ./Core/Src/main.o
 .debug_macro   0x0000000000014035       0x1c ./Core/Src/main.o
 .debug_macro   0x0000000000014051      0x177 ./Core/Src/main.o
 .debug_macro   0x00000000000141c8       0x16 ./Core/Src/main.o
 .debug_macro   0x00000000000141de       0x16 ./Core/Src/main.o
 .debug_macro   0x00000000000141f4      0x147 ./Core/Src/main.o
 .debug_macro   0x000000000001433b       0x16 ./Core/Src/main.o
 .debug_macro   0x0000000000014351       0x16 ./Core/Src/main.o
 .debug_macro   0x0000000000014367       0x29 ./Core/Src/main.o
 .debug_macro   0x0000000000014390       0x16 ./Core/Src/main.o
 .debug_macro   0x00000000000143a6       0x20 ./Core/Src/main.o
 .debug_macro   0x00000000000143c6       0x65 ./Core/Src/main.o
 .debug_macro   0x000000000001442b      0x20f ./Core/Src/main.o
 .debug_macro   0x000000000001463a      0x1e3 ./Core/Src/stm32f4xx_hal_msp.o
 .debug_macro   0x000000000001481d      0x1ed ./Core/Src/stm32f4xx_it.o
 .debug_macro   0x0000000000014a0a      0x1d4 ./Core/Src/system_stm32f4xx.o
 .debug_macro   0x0000000000014bde      0x234 ./Drivers/STM32F4xx_HAL_Driver/Src/stm32f4xx_hal.o
 .debug_macro   0x0000000000014e12      0x1d4 ./Drivers/STM32F4xx_HAL_Driver/Src/stm32f4xx_hal_cortex.o
 .debug_macro   0x0000000000014fe6      0x1da ./Drivers/STM32F4xx_HAL_Driver/Src/stm32f4xx_hal_gpio.o
 .debug_macro   0x00000000000151c0      0x1e0 ./Drivers/STM32F4xx_HAL_Driver/Src/stm32f4xx_hal_pcd.o
 .debug_macro   0x00000000000153a0      0x1d4 ./Drivers/STM32F4xx_HAL_Driver/Src/stm32f4xx_hal_pcd_ex.o
 .debug_macro   0x0000000000015574      0x1f8 ./Drivers/STM32F4xx_HAL_Driver/Src/stm32f4xx_hal_rcc.o
 .debug_macro   0x000000000001576c      0x1d4 ./Drivers/STM32F4xx_HAL_Driver/Src/stm32f4xx_ll_usb.o
 .debug_macro   0x0000000000015940      0x372 ./Middlewares/ST/STM32_USB_Device_Library/Class/CDC/Src/usbd_cdc.o
 .debug_macro   0x0000000000015cb2       0x97 ./Middlewares/ST/STM32_USB_Device_Library/Class/CDC/Src/usbd_cdc.o
 .debug_macro   0x0000000000015d49       0xfd ./Middlewares/ST/STM32_USB_Device_Library/Class/CDC/Src/usbd_cdc.o
 .debug_macro   0x0000000000015e46       0x56 ./Middlewares/ST/STM32_USB_Device_Library/Class/CDC/Src/usbd_cdc.o
 .debug_macro   0x0000000000015e9c       0x95 ./Middlewares/ST/STM32_USB_Device_Library/Class/CDC/Src/usbd_cdc.o
 .debug_macro   0x0000000000015f31      0x359 ./Middlewares/ST/STM32_USB_Device_Library/Core/Src/usbd_core.o
 .debug_macro   0x000000000001628a      0x215 ./Middlewares/ST/STM32_USB_Device_Library/Core/Src/usbd_core.o
 .debug_macro   0x000000000001649f      0x363 ./Middlewares/ST/STM32_USB_Device_Library/Core/Src/usbd_ctlreq.o
 .debug_macro   0x0000000000016802      0x35f ./Middlewares/ST/STM32_USB_Device_Library/Core/Src/usbd_ioreq.o
 .debug_macro   0x0000000000016b61      0x392 ./USB_DEVICE/App/usb_device.o
 .debug_macro   0x0000000000016ef3       0x16 ./USB_DEVICE/App/usb_device.o
 .debug_macro   0x0000000000016f09       0x22 ./USB_DEVICE/App/usb_device.o
 .debug_macro   0x0000000000016f2b       0x16 ./USB_DEVICE/App/usb_device.o
 .debug_macro   0x0000000000016f41      0x37d ./USB_DEVICE/App/usbd_cdc_if.o
 .debug_macro   0x00000000000172be       0x10 ./USB_DEVICE/App/usbd_cdc_if.o
 .debug_macro   0x00000000000172ce      0x39c ./USB_DEVICE/App/usbd_desc.o
 .debug_macro   0x000000000001766a       0x1c ./USB_DEVICE/App/usbd_desc.o
 .debug_macro   0x0000000000017686      0x376 ./USB_DEVICE/Target/usbd_conf.o

.debug_line     0x0000000000000000     0xf0ac
 .debug_line    0x0000000000000000      0xa29 ./Core/Src/main.o
 .debug_line    0x0000000000000a29      0x745 ./Core/Src/stm32f4xx_hal_msp.o
 .debug_line    0x000000000000116e      0x81f ./Core/Src/stm32f4xx_it.o
 .debug_line    0x000000000000198d      0x7c6 ./Core/Src/system_stm32f4xx.o
 .debug_line    0x0000000000002153       0x7a ./Core/Startup/startup_stm32f401rctx.o
 .debug_line    0x00000000000021cd      0xa2c ./Drivers/STM32F4xx_HAL_Driver/Src/stm32f4xx_hal.o
 .debug_line    0x0000000000002bf9      0xcdb ./Drivers/STM32F4xx_HAL_Driver/Src/stm32f4xx_hal_cortex.o
 .debug_line    0x00000000000038d4      0xb64 ./Drivers/STM32F4xx_HAL_Driver/Src/stm32f4xx_hal_gpio.o
 .debug_line    0x0000000000004438     0x14d3 ./Drivers/STM32F4xx_HAL_Driver/Src/stm32f4xx_hal_pcd.o
 .debug_line    0x000000000000590b      0x80f ./Drivers/STM32F4xx_HAL_Driver/Src/stm32f4xx_hal_pcd_ex.o
 .debug_line    0x000000000000611a      0xda3 ./Drivers/STM32F4xx_HAL_Driver/Src/stm32f4xx_hal_rcc.o
 .debug_line    0x0000000000006ebd     0x1aed ./Drivers/STM32F4xx_HAL_Driver/Src/stm32f4xx_ll_usb.o
 .debug_line    0x00000000000089aa      0xece ./Middlewares/ST/STM32_USB_Device_Library/Class/CDC/Src/usbd_cdc.o
 .debug_line    0x0000000000009878      0xf43 ./Middlewares/ST/STM32_USB_Device_Library/Core/Src/usbd_core.o
 .debug_line    0x000000000000a7bb     0x112d ./Middlewares/ST/STM32_USB_Device_Library/Core/Src/usbd_ctlreq.o
 .debug_line    0x000000000000b8e8      0xa5c ./Middlewares/ST/STM32_USB_Device_Library/Core/Src/usbd_ioreq.o
 .debug_line    0x000000000000c344      0xa18 ./USB_DEVICE/App/usb_device.o
 .debug_line    0x000000000000cd5c      0xa7b ./USB_DEVICE/App/usbd_cdc_if.o
 .debug_line    0x000000000000d7d7      0xae1 ./USB_DEVICE/App/usbd_desc.o
 .debug_line    0x000000000000e2b8      0xdf4 ./USB_DEVICE/Target/usbd_conf.o

.debug_str      0x0000000000000000    0x85cf1
 .debug_str     0x0000000000000000    0x825d0 ./Core/Src/main.o
                                      0x828ce (size before relaxing)
 .debug_str     0x00000000000825d0       0x2c ./Core/Src/stm32f4xx_hal_msp.o
                                      0x7e340 (size before relaxing)
 .debug_str     0x00000000000825fc      0x47e ./Core/Src/stm32f4xx_it.o
                                      0x7e6ca (size before relaxing)
 .debug_str     0x0000000000082a7a       0xdb ./Core/Src/system_stm32f4xx.o
                                      0x7e3c8 (size before relaxing)
 .debug_str     0x0000000000082b55       0x34 ./Core/Startup/startup_stm32f401rctx.o
                                         0x6a (size before relaxing)
 .debug_str     0x0000000000082b89      0x9a2 ./Drivers/STM32F4xx_HAL_Driver/Src/stm32f4xx_hal.o
                                      0x7edea (size before relaxing)
 .debug_str     0x000000000008352b      0x359 ./Drivers/STM32F4xx_HAL_Driver/Src/stm32f4xx_hal_cortex.o
                                      0x7eb0b (size before relaxing)
 .debug_str     0x0000000000083884      0x11e ./Drivers/STM32F4xx_HAL_Driver/Src/stm32f4xx_hal_gpio.o
                                      0x7e543 (size before relaxing)
 .debug_str     0x00000000000839a2      0x832 ./Drivers/STM32F4xx_HAL_Driver/Src/stm32f4xx_hal_pcd.o
                                      0x7ee78 (size before relaxing)
 .debug_str     0x00000000000841d4      0x115 ./Drivers/STM32F4xx_HAL_Driver/Src/stm32f4xx_hal_pcd_ex.o
                                      0x7e767 (size before relaxing)
 .debug_str     0x00000000000842e9      0x21f ./Drivers/STM32F4xx_HAL_Driver/Src/stm32f4xx_hal_rcc.o
                                      0x7e7fc (size before relaxing)
 .debug_str     0x0000000000084508      0x44d ./Drivers/STM32F4xx_HAL_Driver/Src/stm32f4xx_ll_usb.o
                                      0x7ece0 (size before relaxing)
 .debug_str     0x0000000000084955      0xa3b ./Middlewares/ST/STM32_USB_Device_Library/Class/CDC/Src/usbd_cdc.o
                                      0x833c8 (size before relaxing)
 .debug_str     0x0000000000085390      0x35c ./Middlewares/ST/STM32_USB_Device_Library/Core/Src/usbd_core.o
                                      0x82d3e (size before relaxing)
 .debug_str     0x00000000000856ec      0x139 ./Middlewares/ST/STM32_USB_Device_Library/Core/Src/usbd_ctlreq.o
                                      0x82b69 (size before relaxing)
 .debug_str     0x0000000000085825       0x51 ./Middlewares/ST/STM32_USB_Device_Library/Core/Src/usbd_ioreq.o
                                      0x82a3e (size before relaxing)
 .debug_str     0x0000000000085876      0x105 ./USB_DEVICE/App/usb_device.o
                                      0x82df1 (size before relaxing)
 .debug_str     0x000000000008597b       0xa1 ./USB_DEVICE/App/usbd_cdc_if.o
                                      0x82e31 (size before relaxing)
 .debug_str     0x0000000000085a1c      0x262 ./USB_DEVICE/App/usbd_desc.o
                                      0x82932 (size before relaxing)
 .debug_str     0x0000000000085c7e       0x73 ./USB_DEVICE/Target/usbd_conf.o
                                      0x83ac6 (size before relaxing)

.debug_frame    0x0000000000000000     0x2c64
 .debug_frame   0x0000000000000000       0x90 ./Core/Src/main.o
 .debug_frame   0x0000000000000090       0x38 ./Core/Src/stm32f4xx_hal_msp.o
 .debug_frame   0x00000000000000c8      0x120 ./Core/Src/stm32f4xx_it.o
 .debug_frame   0x00000000000001e8       0x58 ./Core/Src/system_stm32f4xx.o
 .debug_frame   0x0000000000000240      0x374 ./Drivers/STM32F4xx_HAL_Driver/Src/stm32f4xx_hal.o
 .debug_frame   0x00000000000005b4      0x498 ./Drivers/STM32F4xx_HAL_Driver/Src/stm32f4xx_hal_cortex.o
 .debug_frame   0x0000000000000a4c      0x14c ./Drivers/STM32F4xx_HAL_Driver/Src/stm32f4xx_hal_gpio.o
 .debug_frame   0x0000000000000b98      0x5bc ./Drivers/STM32F4xx_HAL_Driver/Src/stm32f4xx_hal_pcd.o
 .debug_frame   0x0000000000001154       0xb0 ./Drivers/STM32F4xx_HAL_Driver/Src/stm32f4xx_hal_pcd_ex.o
 .debug_frame   0x0000000000001204      0x1f4 ./Drivers/STM32F4xx_HAL_Driver/Src/stm32f4xx_hal_rcc.o
 .debug_frame   0x00000000000013f8      0x7c0 ./Drivers/STM32F4xx_HAL_Driver/Src/stm32f4xx_ll_usb.o
 .debug_frame   0x0000000000001bb8      0x23c ./Middlewares/ST/STM32_USB_Device_Library/Class/CDC/Src/usbd_cdc.o
 .debug_frame   0x0000000000001df4      0x390 ./Middlewares/ST/STM32_USB_Device_Library/Core/Src/usbd_core.o
 .debug_frame   0x0000000000002184      0x23c ./Middlewares/ST/STM32_USB_Device_Library/Core/Src/usbd_ctlreq.o
 .debug_frame   0x00000000000023c0      0x10c ./Middlewares/ST/STM32_USB_Device_Library/Core/Src/usbd_ioreq.o
 .debug_frame   0x00000000000024cc       0x2c ./USB_DEVICE/App/usb_device.o
 .debug_frame   0x00000000000024f8       0xe4 ./USB_DEVICE/App/usbd_cdc_if.o
 .debug_frame   0x00000000000025dc      0x160 ./USB_DEVICE/App/usbd_desc.o
 .debug_frame   0x000000000000273c      0x47c ./USB_DEVICE/Target/usbd_conf.o
 .debug_frame   0x0000000000002bb8       0x20 C:/ST/STM32CubeIDE_1.13.2/STM32CubeIDE/plugins/com.st.stm32cube.ide.mcu.externaltools.gnu-tools-for-stm32.11.3.rel1.win32_1.1.1.202309131626/tools/bin/../lib/gcc/arm-none-eabi/11.3.1/../../../../arm-none-eabi/lib/thumb/v7e-m+fp/hard\libc_nano.a(libc_a-memset.o)
 .debug_frame   0x0000000000002bd8       0x2c C:/ST/STM32CubeIDE_1.13.2/STM32CubeIDE/plugins/com.st.stm32cube.ide.mcu.externaltools.gnu-tools-for-stm32.11.3.rel1.win32_1.1.1.202309131626/tools/bin/../lib/gcc/arm-none-eabi/11.3.1/../../../../arm-none-eabi/lib/thumb/v7e-m+fp/hard\libc_nano.a(libc_a-init.o)
 .debug_frame   0x0000000000002c04       0x2c C:/ST/STM32CubeIDE_1.13.2/STM32CubeIDE/plugins/com.st.stm32cube.ide.mcu.externaltools.gnu-tools-for-stm32.11.3.rel1.win32_1.1.1.202309131626/tools/bin/../lib/gcc/arm-none-eabi/11.3.1/thumb/v7e-m+fp/hard\libgcc.a(_aeabi_uldivmod.o)
 .debug_frame   0x0000000000002c30       0x34 C:/ST/STM32CubeIDE_1.13.2/STM32CubeIDE/plugins/com.st.stm32cube.ide.mcu.externaltools.gnu-tools-for-stm32.11.3.rel1.win32_1.1.1.202309131626/tools/bin/../lib/gcc/arm-none-eabi/11.3.1/thumb/v7e-m+fp/hard\libgcc.a(_udivmoddi4.o)

.debug_line_str
                0x0000000000000000       0x5e
 .debug_line_str
                0x0000000000000000       0x5e ./Core/Startup/startup_stm32f401rctx.o
                                         0x76 (size before relaxing)
